
GettingStartedWithMATLABSPKGRaspberryPiHardwareExample getting-started-with-matlab-support-package-for-raspberry-pi-hardware.html
GettingStartedWithMATLABSPKGRaspberryPiHardwareExample-1 getting-started-with-matlab-support-package-for-raspberry-pi-hardware.html#d120e22229
GettingStartedWithMATLABSPKGRaspberryPiHardwareExample-2 getting-started-with-matlab-support-package-for-raspberry-pi-hardware.html#d120e22240
GettingStartedWithMATLABSPKGRaspberryPiHardwareExample-3 getting-started-with-matlab-support-package-for-raspberry-pi-hardware.html#d120e22261
GettingStartedWithMATLABSPKGRaspberryPiHardwareExample-4 getting-started-with-matlab-support-package-for-raspberry-pi-hardware.html#d120e22274
GettingStartedWithMATLABSPKGRaspberryPiHardwareExample-5 getting-started-with-matlab-support-package-for-raspberry-pi-hardware.html#d120e22293
GettingStartedWithMATLABSPKGRaspberryPiHardwareExample-6 getting-started-with-matlab-support-package-for-raspberry-pi-hardware.html#d120e22309
GettingStartedWithMATLABSPKGRaspberryPiHardwareExample-7 getting-started-with-matlab-support-package-for-raspberry-pi-hardware.html#d120e22347
GettingStartedWithMATLABSPKGRaspberryPiHardwareExample-8 getting-started-with-matlab-support-package-for-raspberry-pi-hardware.html#d120e22378
WorkingWithRaspberryPiHardwareExample working-with-raspberry-pi-hardware.html
WorkingWithRaspberryPiHardwareExample-1 working-with-raspberry-pi-hardware.html#d120e22426
WorkingWithRaspberryPiHardwareExample-2 working-with-raspberry-pi-hardware.html#d120e22436
WorkingWithRaspberryPiHardwareExample-3 working-with-raspberry-pi-hardware.html#d120e22446
WorkingWithRaspberryPiHardwareExample-4 working-with-raspberry-pi-hardware.html#d120e22471
WorkingWithRaspberryPiHardwareExample-5 working-with-raspberry-pi-hardware.html#d120e22487
WorkingWithRaspberryPiHardwareExample-6 working-with-raspberry-pi-hardware.html#d120e22515
WorkingWithRaspberryPiHardwareExample-7 working-with-raspberry-pi-hardware.html#d120e22532
WorkingWithRaspberryPiHardwareExample-8 working-with-raspberry-pi-hardware.html#d120e22567
WorkingWithRaspberryPiHardwareExample-9 working-with-raspberry-pi-hardware.html#d120e22585
WorkingWithRaspberryPiHardwareExample-10 working-with-raspberry-pi-hardware.html#d120e22593
AnalogInputUsingSPIExample analog-input-using-spi.html
AnalogInputUsingSPIExample-1 analog-input-using-spi.html#d120e22641
AnalogInputUsingSPIExample-2 analog-input-using-spi.html#d120e22647
AnalogInputUsingSPIExample-3 analog-input-using-spi.html#d120e22657
AnalogInputUsingSPIExample-4 analog-input-using-spi.html#d120e22679
AnalogInputUsingSPIExample-5 analog-input-using-spi.html#d120e22707
AnalogInputUsingSPIExample-6 analog-input-using-spi.html#d120e22717
AnalogInputUsingSPIExample-7 analog-input-using-spi.html#d120e22763
AnalogInputUsingSPIExample-8 analog-input-using-spi.html#d120e22777
AnalogInputUsingSPIExample-9 analog-input-using-spi.html#d120e22783
AnalogInputUsingSPIExample-10 analog-input-using-spi.html#d120e22796
AnalogInputUsingSPIExample-11 analog-input-using-spi.html#d120e22806
ControllingA4Digit7SegmentDisplayUsingI2CExample controlling-a-4-digit-7-segment-display-using-i2c.html
ControllingA4Digit7SegmentDisplayUsingI2CExample-1 controlling-a-4-digit-7-segment-display-using-i2c.html#d120e22854
ControllingA4Digit7SegmentDisplayUsingI2CExample-2 controlling-a-4-digit-7-segment-display-using-i2c.html#d120e22862
ControllingA4Digit7SegmentDisplayUsingI2CExample-3 controlling-a-4-digit-7-segment-display-using-i2c.html#d120e22872
ControllingA4Digit7SegmentDisplayUsingI2CExample-4 controlling-a-4-digit-7-segment-display-using-i2c.html#d120e22891
ControllingA4Digit7SegmentDisplayUsingI2CExample-5 controlling-a-4-digit-7-segment-display-using-i2c.html#d120e22907
ControllingA4Digit7SegmentDisplayUsingI2CExample-6 controlling-a-4-digit-7-segment-display-using-i2c.html#d120e22917
ControllingA4Digit7SegmentDisplayUsingI2CExample-7 controlling-a-4-digit-7-segment-display-using-i2c.html#d120e23116
ControllingA4Digit7SegmentDisplayUsingI2CExample-8 controlling-a-4-digit-7-segment-display-using-i2c.html#d120e23130
ControllingA4Digit7SegmentDisplayUsingI2CExample-9 controlling-a-4-digit-7-segment-display-using-i2c.html#d120e23140
ControllingA4Digit7SegmentDisplayUsingI2CExample-10 controlling-a-4-digit-7-segment-display-using-i2c.html#d120e23160
ControllingA4Digit7SegmentDisplayUsingI2CExample-11 controlling-a-4-digit-7-segment-display-using-i2c.html#d120e23168
ControllingA4Digit7SegmentDisplayUsingI2CExample-12 controlling-a-4-digit-7-segment-display-using-i2c.html#d120e23179
ControllingA4Digit7SegmentDisplayUsingI2CExample-13 controlling-a-4-digit-7-segment-display-using-i2c.html#d120e23193
ControllingA4Digit7SegmentDisplayUsingSerialPortExample controlling-a-4-digit-7-segment-display-using-serial-port.html
ControllingA4Digit7SegmentDisplayUsingSerialPortExample-1 controlling-a-4-digit-7-segment-display-using-serial-port.html#d120e23239
ControllingA4Digit7SegmentDisplayUsingSerialPortExample-2 controlling-a-4-digit-7-segment-display-using-serial-port.html#d120e23247
ControllingA4Digit7SegmentDisplayUsingSerialPortExample-3 controlling-a-4-digit-7-segment-display-using-serial-port.html#d120e23257
ControllingA4Digit7SegmentDisplayUsingSerialPortExample-4 controlling-a-4-digit-7-segment-display-using-serial-port.html#d120e23276
ControllingA4Digit7SegmentDisplayUsingSerialPortExample-5 controlling-a-4-digit-7-segment-display-using-serial-port.html#d120e23286
ControllingA4Digit7SegmentDisplayUsingSerialPortExample-6 controlling-a-4-digit-7-segment-display-using-serial-port.html#d120e23321
ControllingA4Digit7SegmentDisplayUsingSerialPortExample-7 controlling-a-4-digit-7-segment-display-using-serial-port.html#d120e23517
ControllingA4Digit7SegmentDisplayUsingSerialPortExample-8 controlling-a-4-digit-7-segment-display-using-serial-port.html#d120e23531
ControllingA4Digit7SegmentDisplayUsingSerialPortExample-9 controlling-a-4-digit-7-segment-display-using-serial-port.html#d120e23549
ControllingA4Digit7SegmentDisplayUsingSerialPortExample-10 controlling-a-4-digit-7-segment-display-using-serial-port.html#d120e23557
ControllingA4Digit7SegmentDisplayUsingSerialPortExample-11 controlling-a-4-digit-7-segment-display-using-serial-port.html#d120e23567
ControllingA4Digit7SegmentDisplayUsingSerialPortExample-12 controlling-a-4-digit-7-segment-display-using-serial-port.html#d120e23582
WorkingWithRaspberryPiCameraBoardExample working-with-raspberry-pi-camera-board.html
WorkingWithRaspberryPiCameraBoardExample-1 working-with-raspberry-pi-camera-board.html#d120e23628
WorkingWithRaspberryPiCameraBoardExample-2 working-with-raspberry-pi-camera-board.html#d120e23639
WorkingWithRaspberryPiCameraBoardExample-3 working-with-raspberry-pi-camera-board.html#d120e23647
WorkingWithRaspberryPiCameraBoardExample-4 working-with-raspberry-pi-camera-board.html#d120e23663
WorkingWithRaspberryPiCameraBoardExample-5 working-with-raspberry-pi-camera-board.html#d120e23675
WorkingWithRaspberryPiCameraBoardExample-6 working-with-raspberry-pi-camera-board.html#d120e23687
WorkingWithRaspberryPiCameraBoardExample-7 working-with-raspberry-pi-camera-board.html#d120e23703
WorkingWithRaspberryPiCameraBoardExample-8 working-with-raspberry-pi-camera-board.html#d120e23719
WorkingWithRaspberryPiCameraBoardExample-9 working-with-raspberry-pi-camera-board.html#d120e23735
WorkingWithRaspberryPiCameraBoardExample-10 working-with-raspberry-pi-camera-board.html#d120e23768
WorkingWithRaspberryPiSenseHATExample working-with-raspberry-pi-sense-hat.html
WorkingWithRaspberryPiSenseHATExample-1 working-with-raspberry-pi-sense-hat.html#d120e23821
WorkingWithRaspberryPiSenseHATExample-3 working-with-raspberry-pi-sense-hat.html#d120e23843
WorkingWithRaspberryPiSenseHATExample-4 working-with-raspberry-pi-sense-hat.html#d120e23853
WorkingWithRaspberryPiSenseHATExample-5 working-with-raspberry-pi-sense-hat.html#d120e23866
WorkingWithRaspberryPiSenseHATExample-6 working-with-raspberry-pi-sense-hat.html#d120e23878
WorkingWithRaspberryPiSenseHATExample-7 working-with-raspberry-pi-sense-hat.html#d120e23894
WorkingWithRaspberryPiSenseHATExample-8 working-with-raspberry-pi-sense-hat.html#d120e23918
WorkingWithRaspberryPiSenseHATExample-9 working-with-raspberry-pi-sense-hat.html#d120e23952
WorkingWithRaspberryPiSenseHATExample-10 working-with-raspberry-pi-sense-hat.html#d120e23999
WorkingWithRaspberryPiSenseHATExample-11 working-with-raspberry-pi-sense-hat.html#d120e24087
BuildADigitalVoltmeterExample build-a-digital-voltmeter.html
BuildADigitalVoltmeterExample-1 build-a-digital-voltmeter.html#d120e24133
BuildADigitalVoltmeterExample-2 build-a-digital-voltmeter.html#d120e24141
BuildADigitalVoltmeterExample-3 build-a-digital-voltmeter.html#d120e24157
BuildADigitalVoltmeterExample-4 build-a-digital-voltmeter.html#d120e24182
BuildADigitalVoltmeterExample-5 build-a-digital-voltmeter.html#d120e24196
BuildADigitalVoltmeterExample-6 build-a-digital-voltmeter.html#d120e24210
BuildADigitalVoltmeterExample-7 build-a-digital-voltmeter.html#d120e24220
BuildADigitalVoltmeterExample-8 build-a-digital-voltmeter.html#d120e24230
BuildADigitalVoltmeterExample-9 build-a-digital-voltmeter.html#d120e24240
BuildADigitalVoltmeterExample-10 build-a-digital-voltmeter.html#d120e24250
BuildADigitalVoltmeterExample-11 build-a-digital-voltmeter.html#d120e24258
TrackingAGreenBallExample track-a-green-ball.html
TrackingAGreenBallExample-1 track-a-green-ball.html#d120e24300
TrackingAGreenBallExample-2 track-a-green-ball.html#d120e24306
TrackingAGreenBallExample-3 track-a-green-ball.html#d120e24316
TrackingAGreenBallExample-4 track-a-green-ball.html#d120e24332
TrackingAGreenBallExample-5 track-a-green-ball.html#d120e24344
TrackingAGreenBallExample-6 track-a-green-ball.html#d120e24356
TrackingAGreenBallExample-7 track-a-green-ball.html#d120e24364
TrackingAGreenBallExample-8 track-a-green-ball.html#d120e24376
TrackingAGreenBallExample-9 track-a-green-ball.html#d120e24388
TrackingAGreenBallExample-10 track-a-green-ball.html#d120e24400
BuildAMotionSensorCameraExample build-a-motion-sensor-camera.html
BuildAMotionSensorCameraExample-1 build-a-motion-sensor-camera.html#d120e24444
BuildAMotionSensorCameraExample-2 build-a-motion-sensor-camera.html#d120e24450
BuildAMotionSensorCameraExample-3 build-a-motion-sensor-camera.html#d120e24471
BuildAMotionSensorCameraExample-4 build-a-motion-sensor-camera.html#d120e24493
BuildAMotionSensorCameraExample-5 build-a-motion-sensor-camera.html#d120e24509
BuildAMotionSensorCameraExample-6 build-a-motion-sensor-camera.html#d120e24525
BuildAMotionSensorCameraExample-7 build-a-motion-sensor-camera.html#d120e24537
BuildAMotionSensorCameraExample-8 build-a-motion-sensor-camera.html#d120e24545
AddDigitalIOPinsToRaspberryPiHardwareUsingMCP23017Example add-digital-i-o-pins-to-raspberry-pi-hardware-using-mcp23017.html
AddDigitalIOPinsToRaspberryPiHardwareUsingMCP23017Example-1 add-digital-i-o-pins-to-raspberry-pi-hardware-using-mcp23017.html#d120e24594
AddDigitalIOPinsToRaspberryPiHardwareUsingMCP23017Example-2 add-digital-i-o-pins-to-raspberry-pi-hardware-using-mcp23017.html#d120e24600
AddDigitalIOPinsToRaspberryPiHardwareUsingMCP23017Example-3 add-digital-i-o-pins-to-raspberry-pi-hardware-using-mcp23017.html#d120e24621
AddDigitalIOPinsToRaspberryPiHardwareUsingMCP23017Example-4 add-digital-i-o-pins-to-raspberry-pi-hardware-using-mcp23017.html#d120e24646
AddDigitalIOPinsToRaspberryPiHardwareUsingMCP23017Example-5 add-digital-i-o-pins-to-raspberry-pi-hardware-using-mcp23017.html#d120e24660
AddDigitalIOPinsToRaspberryPiHardwareUsingMCP23017Example-6 add-digital-i-o-pins-to-raspberry-pi-hardware-using-mcp23017.html#d120e24676
AddDigitalIOPinsToRaspberryPiHardwareUsingMCP23017Example-7 add-digital-i-o-pins-to-raspberry-pi-hardware-using-mcp23017.html#d120e24686
AddDigitalIOPinsToRaspberryPiHardwareUsingMCP23017Example-8 add-digital-i-o-pins-to-raspberry-pi-hardware-using-mcp23017.html#d120e24698
AddDigitalIOPinsToRaspberryPiHardwareUsingMCP23017Example-9 add-digital-i-o-pins-to-raspberry-pi-hardware-using-mcp23017.html#d120e24714
AutorotateLEDMatrixDisplayExample auto-rotate-the-image-displayed-on-the-sense-hat-led-matrix.html
AutorotateLEDMatrixDisplayExample-1 auto-rotate-the-image-displayed-on-the-sense-hat-led-matrix.html#d120e24765
AutorotateLEDMatrixDisplayExample-3 auto-rotate-the-image-displayed-on-the-sense-hat-led-matrix.html#d120e24783
AutorotateLEDMatrixDisplayExample-4 auto-rotate-the-image-displayed-on-the-sense-hat-led-matrix.html#d120e24793
AutorotateLEDMatrixDisplayExample-5 auto-rotate-the-image-displayed-on-the-sense-hat-led-matrix.html#d120e24806
AutorotateLEDMatrixDisplayExample-6 auto-rotate-the-image-displayed-on-the-sense-hat-led-matrix.html#d120e24822
AutorotateLEDMatrixDisplayExample-7 auto-rotate-the-image-displayed-on-the-sense-hat-led-matrix.html#d120e24832
AutorotateLEDMatrixDisplayExample-8 auto-rotate-the-image-displayed-on-the-sense-hat-led-matrix.html#d120e24885
AutorotateLEDMatrixDisplayExample-11 auto-rotate-the-image-displayed-on-the-sense-hat-led-matrix.html#d120e24909
AutorotateLEDMatrixDisplayExample-12 auto-rotate-the-image-displayed-on-the-sense-hat-led-matrix.html#d120e24921
DeployAMATLABFunctionOnTheRaspberryPiHardwareExample getting-started-with-deploying-a-matlab-function-on-the-raspberry-pi-hardware.html
DeployAMATLABFunctionOnTheRaspberryPiHardwareExample-1 getting-started-with-deploying-a-matlab-function-on-the-raspberry-pi-hardware.html#d120e24969
DeployAMATLABFunctionOnTheRaspberryPiHardwareExample-2 getting-started-with-deploying-a-matlab-function-on-the-raspberry-pi-hardware.html#d120e24982
DeployAMATLABFunctionOnTheRaspberryPiHardwareExample-3 getting-started-with-deploying-a-matlab-function-on-the-raspberry-pi-hardware.html#d120e24996
DeployAMATLABFunctionOnTheRaspberryPiHardwareExample-6 getting-started-with-deploying-a-matlab-function-on-the-raspberry-pi-hardware.html#d120e25020
DeployAMATLABFunctionOnTheRaspberryPiHardwareExample-9 getting-started-with-deploying-a-matlab-function-on-the-raspberry-pi-hardware.html#d120e25050
DeployAMATLABFunctionOnTheRaspberryPiHardwareExample-10 getting-started-with-deploying-a-matlab-function-on-the-raspberry-pi-hardware.html#d120e25064
DeployAMATLABFunctionOnTheRaspberryPiHardwareExample-11 getting-started-with-deploying-a-matlab-function-on-the-raspberry-pi-hardware.html#d120e25092
DeployAMATLABFunctionOnTheRaspberryPiHardwareExample-14 getting-started-with-deploying-a-matlab-function-on-the-raspberry-pi-hardware.html#d120e25162
DeployAMATLABFunctionOnTheRaspberryPiHardwareExample-21 getting-started-with-deploying-a-matlab-function-on-the-raspberry-pi-hardware.html#d120e25197
DeployAnEdgeDetectionAlgorithmOnTheRaspberryPiHardwareExample deploy-an-edge-detection-algorithm-on-the-raspberry-pi-hardware.html
DeployAnEdgeDetectionAlgorithmOnTheRaspberryPiHardwareExample-1 deploy-an-edge-detection-algorithm-on-the-raspberry-pi-hardware.html#d120e25279
DeployAnEdgeDetectionAlgorithmOnTheRaspberryPiHardwareExample-2 deploy-an-edge-detection-algorithm-on-the-raspberry-pi-hardware.html#d120e25292
DeployAnEdgeDetectionAlgorithmOnTheRaspberryPiHardwareExample-3 deploy-an-edge-detection-algorithm-on-the-raspberry-pi-hardware.html#d120e25314
DeployAnEdgeDetectionAlgorithmOnTheRaspberryPiHardwareExample-4 deploy-an-edge-detection-algorithm-on-the-raspberry-pi-hardware.html#d120e25352
DeployAnEdgeDetectionAlgorithmOnTheRaspberryPiHardwareExample-5 deploy-an-edge-detection-algorithm-on-the-raspberry-pi-hardware.html#d120e25394
DeployAnEdgeDetectionAlgorithmOnTheRaspberryPiHardwareExample-6 deploy-an-edge-detection-algorithm-on-the-raspberry-pi-hardware.html#d120e25408
DeployAnEdgeDetectionAlgorithmOnTheRaspberryPiHardwareExample-7 deploy-an-edge-detection-algorithm-on-the-raspberry-pi-hardware.html#d120e25457
DeployAnEdgeDetectionAlgorithmOnTheRaspberryPiHardwareExample-8 deploy-an-edge-detection-algorithm-on-the-raspberry-pi-hardware.html#d120e25492