
help_button  csh/_d6e10826.html
Tag_ConfigSet_RTW_TargetHardware  csh/_d6e10885.html
Tag_ConfigSet_CoderTarget_Base_Rate_Task_Priority  csh/_d6e11125.html
Tag_ConfigSet_CoderTarget_Detect_Task_Overruns  csh/_d6e11156.html
Tag_ConfigSet_CoderTarget_DeviceAddress  csh/_d6e11463.html
Tag_ConfigSet_CoderTarget_Username  csh/_d6e11494.html
Tag_ConfigSet_CoderTarget_Password  csh/_d6e11524.html
Tag_ConfigSet_CoderTarget_Build_action  csh/_d6e11564.html
Tag_ConfigSet_CoderTarget_BuildDir  csh/_d6e11615.html
Tag_ConfigSet_CoderTarget_RunOnBoot  csh/_d6e11645.html
Tag_ConfigSet_CoderTarget_SPI_SPI0CE0BusSpeed  csh/_d6e11682.html
Tag_ConfigSet_CoderTarget_SPI_SPI0CE1BusSpeed  csh/_d6e11693.html
Tag_ConfigSet_CoderTarget_ExtMode_Configuration  csh/_d6e11831.html
Tag_ConfigSet_CoderTarget_ExtMode_RunInBackground  csh/_d6e11876.html
Tag_ConfigSet_CoderTarget_Wifi_WPA_password  csh/_d6e11890.html
Tag_ConfigSet_CoderTarget_Port  csh/_d6e11890.html
Tag_ConfigSet_CoderTarget_ExtMode_Port  csh/_d6e11910.html
Tag_ConfigSet_CoderTarget_ExtMode_Verbose  csh/_d6e11935.html
GettingStartedWithSimulinkRaspberryPiHardwareExample  examples/getting-started-with-raspberry-pi-hardware.html
GettingStartedWithSimulinkRaspberryPiHardwareExample-1  examples/getting-started-with-raspberry-pi-hardware.html#d120e77
GettingStartedWithSimulinkRaspberryPiHardwareExample-2  examples/getting-started-with-raspberry-pi-hardware.html#d120e85
GettingStartedWithSimulinkRaspberryPiHardwareExample-3  examples/getting-started-with-raspberry-pi-hardware.html#d120e100
GettingStartedWithSimulinkRaspberryPiHardwareExample-4  examples/getting-started-with-raspberry-pi-hardware.html#d120e114
GettingStartedWithSimulinkRaspberryPiHardwareExample-5  examples/getting-started-with-raspberry-pi-hardware.html#d120e150
GettingStartedWithSimulinkRaspberryPiHardwareExample-6  examples/getting-started-with-raspberry-pi-hardware.html#d120e203
GettingStartedWithSimulinkRaspberryPiHardwareExample-7  examples/getting-started-with-raspberry-pi-hardware.html#d120e249
ExternalModeWithRaspberryPiRHardwareExample  examples/communicating-with-raspberry-pi-hardware.html
ExternalModeWithRaspberryPiRHardwareExample-1  examples/communicating-with-raspberry-pi-hardware.html#d120e291
ExternalModeWithRaspberryPiRHardwareExample-2  examples/communicating-with-raspberry-pi-hardware.html#d120e316
ExternalModeWithRaspberryPiRHardwareExample-3  examples/communicating-with-raspberry-pi-hardware.html#d120e324
ExternalModeWithRaspberryPiRHardwareExample-4  examples/communicating-with-raspberry-pi-hardware.html#d120e338
ExternalModeWithRaspberryPiRHardwareExample-5  examples/communicating-with-raspberry-pi-hardware.html#d120e378
ExternalModeWithRaspberryPiRHardwareExample-6  examples/communicating-with-raspberry-pi-hardware.html#d120e419
ExternalModeWithRaspberryPiRHardwareExample-7  examples/communicating-with-raspberry-pi-hardware.html#d120e440
ExternalModeWithRaspberryPiRHardwareExample-8  examples/communicating-with-raspberry-pi-hardware.html#d120e478
ExternalModeWithRaspberryPiRHardwareExample-9  examples/communicating-with-raspberry-pi-hardware.html#d120e489
RunningLinuxRShellCommandsExample  examples/running-linux-r-shell-commands.html
RunningLinuxRShellCommandsExample-1  examples/running-linux-r-shell-commands.html#d120e536
RunningLinuxRShellCommandsExample-2  examples/running-linux-r-shell-commands.html#d120e542
RunningLinuxRShellCommandsExample-3  examples/running-linux-r-shell-commands.html#d120e552
RunningLinuxRShellCommandsExample-4  examples/running-linux-r-shell-commands.html#d120e580
RunningLinuxRShellCommandsExample-5  examples/running-linux-r-shell-commands.html#d120e611
RunningLinuxRShellCommandsExample-6  examples/running-linux-r-shell-commands.html#d120e631
RunningLinuxRShellCommandsExample-7  examples/running-linux-r-shell-commands.html#d120e662
raspberrypi_gettingstarted_with_ros  examples/getting-started-with-robot-operating-system-ros-on-raspberry-pi-r.html
raspberrypi_gettingstarted_with_ros-1  examples/getting-started-with-robot-operating-system-ros-on-raspberry-pi-r.html#d120e697
raspberrypi_gettingstarted_with_ros-2  examples/getting-started-with-robot-operating-system-ros-on-raspberry-pi-r.html#d120e732
raspberrypi_gettingstarted_with_ros-3  examples/getting-started-with-robot-operating-system-ros-on-raspberry-pi-r.html#d120e754
raspberrypi_gettingstarted_with_ros-4  examples/getting-started-with-robot-operating-system-ros-on-raspberry-pi-r.html#d120e770
raspberrypi_gettingstarted_with_ros-5  examples/getting-started-with-robot-operating-system-ros-on-raspberry-pi-r.html#d120e862
raspberrypi_gettingstarted_with_ros-6  examples/getting-started-with-robot-operating-system-ros-on-raspberry-pi-r.html#d120e920
raspberrypi_gettingstarted_with_ros-7  examples/getting-started-with-robot-operating-system-ros-on-raspberry-pi-r.html#d120e979
raspberrypi_gettingstarted_with_ros-8  examples/getting-started-with-robot-operating-system-ros-on-raspberry-pi-r.html#d120e1084
CommunicatingWithAnEEPROMExample  examples/communicating-with-an-eeprom.html
CommunicatingWithAnEEPROMExample-1  examples/communicating-with-an-eeprom.html#d120e1130
CommunicatingWithAnEEPROMExample-2  examples/communicating-with-an-eeprom.html#d120e1139
CommunicatingWithAnEEPROMExample-3  examples/communicating-with-an-eeprom.html#d120e1158
CommunicatingWithAnEEPROMExample-4  examples/communicating-with-an-eeprom.html#d120e1180
CommunicatingWithAnEEPROMExample-5  examples/communicating-with-an-eeprom.html#d120e1190
CommunicatingWithAnEEPROMExample-6  examples/communicating-with-an-eeprom.html#d120e1220
CommunicatingWithAnEEPROMExample-7  examples/communicating-with-an-eeprom.html#d120e1248
CommunicatingWithAnEEPROMExample-8  examples/communicating-with-an-eeprom.html#d120e1291
CommunicatingWithAnEEPROMExample-9  examples/communicating-with-an-eeprom.html#d120e1324
CommunicatingWithAnEEPROMExample-10  examples/communicating-with-an-eeprom.html#d120e1473
CommunicatingWithAnEEPROMExample-11  examples/communicating-with-an-eeprom.html#d120e1516
CommunicatingWithAnEEPROMExample-12  examples/communicating-with-an-eeprom.html#d120e1529
ReadTemperatureFromATMP102SensorExample  examples/read-temperature-from-a-tmp102-sensor.html
ReadTemperatureFromATMP102SensorExample-1  examples/read-temperature-from-a-tmp102-sensor.html#d120e1587
ReadTemperatureFromATMP102SensorExample-2  examples/read-temperature-from-a-tmp102-sensor.html#d120e1598
ReadTemperatureFromATMP102SensorExample-3  examples/read-temperature-from-a-tmp102-sensor.html#d120e1611
ReadTemperatureFromATMP102SensorExample-4  examples/read-temperature-from-a-tmp102-sensor.html#d120e1634
ReadTemperatureFromATMP102SensorExample-5  examples/read-temperature-from-a-tmp102-sensor.html#d120e1644
ReadTemperatureFromATMP102SensorExample-6  examples/read-temperature-from-a-tmp102-sensor.html#d120e1665
ReadTemperatureFromATMP102SensorExample-7  examples/read-temperature-from-a-tmp102-sensor.html#d120e1708
ReadTemperatureFromATMP102SensorExample-8  examples/read-temperature-from-a-tmp102-sensor.html#d120e1788
ReadTemperatureFromATMP102SensorExample-9  examples/read-temperature-from-a-tmp102-sensor.html#d120e1839
ReadTemperatureFromATMP102SensorExample-10  examples/read-temperature-from-a-tmp102-sensor.html#d120e1993
ReadTemperatureFromATMP102SensorExample-11  examples/read-temperature-from-a-tmp102-sensor.html#d120e2057
ReadTemperatureFromATMP102SensorExample-12  examples/read-temperature-from-a-tmp102-sensor.html#d120e2101
ReadTemperatureFromATMP102SensorExample-13  examples/read-temperature-from-a-tmp102-sensor.html#d120e2133
LEDControlFromAndroidTMDeviceExample  examples/led-control-from-android-r-device.html
LEDControlFromAndroidTMDeviceExample-1  examples/led-control-from-android-r-device.html#d120e2189
LEDControlFromAndroidTMDeviceExample-2  examples/led-control-from-android-r-device.html#d120e2211
LEDControlFromAndroidTMDeviceExample-3  examples/led-control-from-android-r-device.html#d120e2221
LEDControlFromAndroidTMDeviceExample-4  examples/led-control-from-android-r-device.html#d120e2234
LEDControlFromAndroidTMDeviceExample-5  examples/led-control-from-android-r-device.html#d120e2266
LEDControlFromAndroidTMDeviceExample-6  examples/led-control-from-android-r-device.html#d120e2306
LEDControlFromAndroidTMDeviceExample-7  examples/led-control-from-android-r-device.html#d120e2343
LEDControlFromAppleIOSDeviceExample  examples/led-control-from-apple-r-ios-r-device.html
LEDControlFromAppleIOSDeviceExample-1  examples/led-control-from-apple-r-ios-r-device.html#d120e2385
LEDControlFromAppleIOSDeviceExample-2  examples/led-control-from-apple-r-ios-r-device.html#d120e2407
LEDControlFromAppleIOSDeviceExample-3  examples/led-control-from-apple-r-ios-r-device.html#d120e2417
LEDControlFromAppleIOSDeviceExample-4  examples/led-control-from-apple-r-ios-r-device.html#d120e2430
LEDControlFromAppleIOSDeviceExample-5  examples/led-control-from-apple-r-ios-r-device.html#d120e2462
LEDControlFromAppleIOSDeviceExample-6  examples/led-control-from-apple-r-ios-r-device.html#d120e2502
LEDControlFromAppleIOSDeviceExample-7  examples/led-control-from-apple-r-ios-r-device.html#d120e2546
SurveillanceCameraWithAndroidTMDeviceExample  examples/surveillance-camera-with-android-r-device.html
SurveillanceCameraWithAndroidTMDeviceExample-1  examples/surveillance-camera-with-android-r-device.html#d120e2590
SurveillanceCameraWithAndroidTMDeviceExample-2  examples/surveillance-camera-with-android-r-device.html#d120e2596
SurveillanceCameraWithAndroidTMDeviceExample-3  examples/surveillance-camera-with-android-r-device.html#d120e2610
SurveillanceCameraWithAndroidTMDeviceExample-4  examples/surveillance-camera-with-android-r-device.html#d120e2640
SurveillanceCameraWithAndroidTMDeviceExample-5  examples/surveillance-camera-with-android-r-device.html#d120e2664
SurveillanceCameraWithAndroidTMDeviceExample-6  examples/surveillance-camera-with-android-r-device.html#d120e2719
SurveillanceCameraWithAndroidTMDeviceExample-7  examples/surveillance-camera-with-android-r-device.html#d120e2753
SurveillanceCameraWithAndroidTMDeviceExample-8  examples/surveillance-camera-with-android-r-device.html#d120e2763
SurveillanceCameraWithAppleIOSDeviceExample  examples/surveillance-camera-with-apple-r-ios-r-device.html
SurveillanceCameraWithAppleIOSDeviceExample-1  examples/surveillance-camera-with-apple-r-ios-r-device.html#d120e2824
SurveillanceCameraWithAppleIOSDeviceExample-2  examples/surveillance-camera-with-apple-r-ios-r-device.html#d120e2830
SurveillanceCameraWithAppleIOSDeviceExample-3  examples/surveillance-camera-with-apple-r-ios-r-device.html#d120e2844
SurveillanceCameraWithAppleIOSDeviceExample-4  examples/surveillance-camera-with-apple-r-ios-r-device.html#d120e2874
SurveillanceCameraWithAppleIOSDeviceExample-5  examples/surveillance-camera-with-apple-r-ios-r-device.html#d120e2898
SurveillanceCameraWithAppleIOSDeviceExample-6  examples/surveillance-camera-with-apple-r-ios-r-device.html#d120e2953
SurveillanceCameraWithAppleIOSDeviceExample-7  examples/surveillance-camera-with-apple-r-ios-r-device.html#d120e2987
SurveillanceCameraWithAppleIOSDeviceExample-8  examples/surveillance-camera-with-apple-r-ios-r-device.html#d120e2997
ParametricAudioEqualizerExample  examples/parametric-audio-equalizer.html
ParametricAudioEqualizerExample-1  examples/parametric-audio-equalizer.html#d120e3057
ParametricAudioEqualizerExample-2  examples/parametric-audio-equalizer.html#d120e3067
ParametricAudioEqualizerExample-3  examples/parametric-audio-equalizer.html#d120e3077
ParametricAudioEqualizerExample-4  examples/parametric-audio-equalizer.html#d120e3085
ParametricAudioEqualizerExample-5  examples/parametric-audio-equalizer.html#d120e3102
ParametricAudioEqualizerExample-6  examples/parametric-audio-equalizer.html#d120e3194
ParametricAudioEqualizerExample-7  examples/parametric-audio-equalizer.html#d120e3223
ParametricAudioEqualizerExample-8  examples/parametric-audio-equalizer.html#d120e3234
ImageInversionExample  examples/image-inversion.html
ImageInversionExample-1  examples/image-inversion.html#d120e3276
ImageInversionExample-2  examples/image-inversion.html#d120e3308
ImageInversionExample-3  examples/image-inversion.html#d120e3318
ImageInversionExample-4  examples/image-inversion.html#d120e3348
ImageInversionExample-5  examples/image-inversion.html#d120e3386
ImageInversionExample-6  examples/image-inversion.html#d120e3444
ImageInversionExample-7  examples/image-inversion.html#d120e3485
ImageInversionExample-8  examples/image-inversion.html#d120e3493
MotionSensorExample  examples/motion-sensor.html
MotionSensorExample-1  examples/motion-sensor.html#d120e3539
MotionSensorExample-2  examples/motion-sensor.html#d120e3545
MotionSensorExample-3  examples/motion-sensor.html#d120e3555
MotionSensorExample-4  examples/motion-sensor.html#d120e3590
MotionSensorExample-5  examples/motion-sensor.html#d120e3622
MotionSensorExample-6  examples/motion-sensor.html#d120e3675
MotionSensorExample-7  examples/motion-sensor.html#d120e3716
MotionSensorExample-8  examples/motion-sensor.html#d120e3771
MotionSensorExample-9  examples/motion-sensor.html#d120e3793
raspberrypi_stream_images_ros  examples/stream-images-from-raspberry-pi-using-robot-operating-system-ros.html
raspberrypi_stream_images_ros-1  examples/stream-images-from-raspberry-pi-using-robot-operating-system-ros.html#d120e3849
raspberrypi_stream_images_ros-2  examples/stream-images-from-raspberry-pi-using-robot-operating-system-ros.html#d120e3855
raspberrypi_stream_images_ros-3  examples/stream-images-from-raspberry-pi-using-robot-operating-system-ros.html#d120e3869
raspberrypi_stream_images_ros-4  examples/stream-images-from-raspberry-pi-using-robot-operating-system-ros.html#d120e3888
raspberrypi_stream_images_ros-5  examples/stream-images-from-raspberry-pi-using-robot-operating-system-ros.html#d120e3923
raspberrypi_stream_images_ros-6  examples/stream-images-from-raspberry-pi-using-robot-operating-system-ros.html#d120e3970
raspberrypi_stream_images_ros-7  examples/stream-images-from-raspberry-pi-using-robot-operating-system-ros.html#d120e4041
raspberrypi_stream_images_ros-8  examples/stream-images-from-raspberry-pi-using-robot-operating-system-ros.html#d120e4066
AutorotateAnImageDisplayedOnSenseHATLEDMatrixExample  examples/auto-rotate-an-image-displayed-on-sense-hat-led-matrix.html
AutorotateAnImageDisplayedOnSenseHATLEDMatrixExample-1  examples/auto-rotate-an-image-displayed-on-sense-hat-led-matrix.html#d120e4121
AutorotateAnImageDisplayedOnSenseHATLEDMatrixExample-3  examples/auto-rotate-an-image-displayed-on-sense-hat-led-matrix.html#d120e4139
AutorotateAnImageDisplayedOnSenseHATLEDMatrixExample-4  examples/auto-rotate-an-image-displayed-on-sense-hat-led-matrix.html#d120e4149
AutorotateAnImageDisplayedOnSenseHATLEDMatrixExample-5  examples/auto-rotate-an-image-displayed-on-sense-hat-led-matrix.html#d120e4166
AutorotateAnImageDisplayedOnSenseHATLEDMatrixExample-6  examples/auto-rotate-an-image-displayed-on-sense-hat-led-matrix.html#d120e4174
AutorotateAnImageDisplayedOnSenseHATLEDMatrixExample-7  examples/auto-rotate-an-image-displayed-on-sense-hat-led-matrix.html#d120e4247
AutorotateAnImageDisplayedOnSenseHATLEDMatrixExample-8  examples/auto-rotate-an-image-displayed-on-sense-hat-led-matrix.html#d120e4291
AutorotateAnImageDisplayedOnSenseHATLEDMatrixExample-9  examples/auto-rotate-an-image-displayed-on-sense-hat-led-matrix.html#d120e4326
AutorotateAnImageDisplayedOnSenseHATLEDMatrixExample-10  examples/auto-rotate-an-image-displayed-on-sense-hat-led-matrix.html#d120e4378
AutorotateAnImageDisplayedOnSenseHATLEDMatrixExample-11  examples/auto-rotate-an-image-displayed-on-sense-hat-led-matrix.html#d120e4409
ControllingLEGOEV3RobotUsingRaspPiSenseHATExample  examples/controlling-lego-mindstorms-ev3-robot-using-raspberry-pi-sense-hat.html
ControllingLEGOEV3RobotUsingRaspPiSenseHATExample-1  examples/controlling-lego-mindstorms-ev3-robot-using-raspberry-pi-sense-hat.html#d120e4457
ControllingLEGOEV3RobotUsingRaspPiSenseHATExample-3  examples/controlling-lego-mindstorms-ev3-robot-using-raspberry-pi-sense-hat.html#d120e4502
ControllingLEGOEV3RobotUsingRaspPiSenseHATExample-4  examples/controlling-lego-mindstorms-ev3-robot-using-raspberry-pi-sense-hat.html#d120e4512
ControllingLEGOEV3RobotUsingRaspPiSenseHATExample-5  examples/controlling-lego-mindstorms-ev3-robot-using-raspberry-pi-sense-hat.html#d120e4538
ControllingLEGOEV3RobotUsingRaspPiSenseHATExample-6  examples/controlling-lego-mindstorms-ev3-robot-using-raspberry-pi-sense-hat.html#d120e4556
ControllingLEGOEV3RobotUsingRaspPiSenseHATExample-7  examples/controlling-lego-mindstorms-ev3-robot-using-raspberry-pi-sense-hat.html#d120e4565
ControllingLEGOEV3RobotUsingRaspPiSenseHATExample-8  examples/controlling-lego-mindstorms-ev3-robot-using-raspberry-pi-sense-hat.html#d120e4596
ControllingLEGOEV3RobotUsingRaspPiSenseHATExample-9  examples/controlling-lego-mindstorms-ev3-robot-using-raspberry-pi-sense-hat.html#d120e4613
ControllingLEGOEV3RobotUsingRaspPiSenseHATExample-10  examples/controlling-lego-mindstorms-ev3-robot-using-raspberry-pi-sense-hat.html#d120e4650
ControllingLEGOEV3RobotUsingRaspPiSenseHATExample-11  examples/controlling-lego-mindstorms-ev3-robot-using-raspberry-pi-sense-hat.html#d120e4674
ControllingLEGOEV3RobotUsingRaspPiSenseHATExample-12  examples/controlling-lego-mindstorms-ev3-robot-using-raspberry-pi-sense-hat.html#d120e4691
MATfileLoggingOnRaspberryPiTMHardwareExample  examples/mat-file-logging-on-raspberry-pi-hardware.html
MATfileLoggingOnRaspberryPiTMHardwareExample-1  examples/mat-file-logging-on-raspberry-pi-hardware.html#d120e4743
MATfileLoggingOnRaspberryPiTMHardwareExample-2  examples/mat-file-logging-on-raspberry-pi-hardware.html#d120e4749
MATfileLoggingOnRaspberryPiTMHardwareExample-3  examples/mat-file-logging-on-raspberry-pi-hardware.html#d120e4757
MATfileLoggingOnRaspberryPiTMHardwareExample-4  examples/mat-file-logging-on-raspberry-pi-hardware.html#d120e4763
MATfileLoggingOnRaspberryPiTMHardwareExample-7  examples/mat-file-logging-on-raspberry-pi-hardware.html#d120e4821
MATfileLoggingOnRaspberryPiTMHardwareExample-8  examples/mat-file-logging-on-raspberry-pi-hardware.html#d120e4895
MATfileLoggingOnRaspberryPiTMHardwareExample-9  examples/mat-file-logging-on-raspberry-pi-hardware.html#d120e4922
MATfileLoggingOnRaspberryPiTMHardwareExample-10  examples/mat-file-logging-on-raspberry-pi-hardware.html#d120e4972
MATfileLoggingOnRaspberryPiTMHardwareExample-11  examples/mat-file-logging-on-raspberry-pi-hardware.html#d120e4989
CountingStepsUsingRaspberryPiSenseHATExample  examples/counting-steps-using-raspberry-pi-sensehat.html
CountingStepsUsingRaspberryPiSenseHATExample-1  examples/counting-steps-using-raspberry-pi-sensehat.html#d120e5040
CountingStepsUsingRaspberryPiSenseHATExample-2  examples/counting-steps-using-raspberry-pi-sensehat.html#d120e5050
CountingStepsUsingRaspberryPiSenseHATExample-3  examples/counting-steps-using-raspberry-pi-sensehat.html#d120e5060
CountingStepsUsingRaspberryPiSenseHATExample-4  examples/counting-steps-using-raspberry-pi-sensehat.html#d120e5073
CountingStepsUsingRaspberryPiSenseHATExample-7  examples/counting-steps-using-raspberry-pi-sensehat.html#d120e5121
CountingStepsUsingRaspberryPiSenseHATExample-8  examples/counting-steps-using-raspberry-pi-sensehat.html#d120e5197
CountingStepsUsingRaspberryPiSenseHATExample-9  examples/counting-steps-using-raspberry-pi-sensehat.html#d120e5215
CountingStepsUsingRaspberryPiSenseHATExample-10  examples/counting-steps-using-raspberry-pi-sensehat.html#d120e5322
AudioVisualizerUsingRaspberryPiTMSenseHATExample  examples/audio-visualizer-using-raspberry-pi-sense-hat.html
AudioVisualizerUsingRaspberryPiTMSenseHATExample-1  examples/audio-visualizer-using-raspberry-pi-sense-hat.html#d120e5366
AudioVisualizerUsingRaspberryPiTMSenseHATExample-3  examples/audio-visualizer-using-raspberry-pi-sense-hat.html#d120e5372
AudioVisualizerUsingRaspberryPiTMSenseHATExample-4  examples/audio-visualizer-using-raspberry-pi-sense-hat.html#d120e5387
AudioVisualizerUsingRaspberryPiTMSenseHATExample-5  examples/audio-visualizer-using-raspberry-pi-sense-hat.html#d120e5400
AudioVisualizerUsingRaspberryPiTMSenseHATExample-6  examples/audio-visualizer-using-raspberry-pi-sense-hat.html#d120e5406
AudioVisualizerUsingRaspberryPiTMSenseHATExample-7  examples/audio-visualizer-using-raspberry-pi-sense-hat.html#d120e5422
AudioVisualizerUsingRaspberryPiTMSenseHATExample-10  examples/audio-visualizer-using-raspberry-pi-sense-hat.html#d120e5509
AudioVisualizerUsingRaspberryPiTMSenseHATExample-11  examples/audio-visualizer-using-raspberry-pi-sense-hat.html#d120e5520
PublishAndSubscribeToMessagesUsingMQTTBlocksExample  examples/publish-and-subscribe-to-messages-using-mqtt-blocks.html
PublishAndSubscribeToMessagesUsingMQTTBlocksExample-2  examples/publish-and-subscribe-to-messages-using-mqtt-blocks.html#d120e5568
PublishAndSubscribeToMessagesUsingMQTTBlocksExample-3  examples/publish-and-subscribe-to-messages-using-mqtt-blocks.html#d120e5602
PublishAndSubscribeToMessagesUsingMQTTBlocksExample-4  examples/publish-and-subscribe-to-messages-using-mqtt-blocks.html#d120e5617
PublishAndSubscribeToMessagesUsingMQTTBlocksExample-5  examples/publish-and-subscribe-to-messages-using-mqtt-blocks.html#d120e5628
PublishAndSubscribeToMessagesUsingMQTTBlocksExample-6  examples/publish-and-subscribe-to-messages-using-mqtt-blocks.html#d120e5644
PublishAndSubscribeToMessagesUsingMQTTBlocksExample-9  examples/publish-and-subscribe-to-messages-using-mqtt-blocks.html#d120e5693
PublishAndSubscribeToMessagesUsingMQTTBlocksExample-12  examples/publish-and-subscribe-to-messages-using-mqtt-blocks.html#d120e5734
PublishAndSubscribeToMessagesUsingMQTTBlocksExample-13  examples/publish-and-subscribe-to-messages-using-mqtt-blocks.html#d120e5849
PublishAndSubscribeToMessagesUsingMQTTBlocksExample-14  examples/publish-and-subscribe-to-messages-using-mqtt-blocks.html#d120e5876
PublishAndSubscribeToMessagesUsingMQTTBlocksExample-15  examples/publish-and-subscribe-to-messages-using-mqtt-blocks.html#d120e5900
raspberrypi_doccenter-examplelandingpage examples.html
libalsaaudiocapture  ref/alsaaudiocapture.html
libalsaaudioplayback  ref/alsaaudioplayback.html
libraspiaudiofileread  ref/audiofileread.html
libthingspeakread  ref/thingspeakread.html
raspberrypilibespeaktexttospeech  ref/espeaktexttospeech.html
raspberrypilibgpioread  ref/gpioread.html
raspberrypilibgpiowrite  ref/gpiowrite.html
raspberrypilibled  ref/led.html
raspberrypilibstandardservowrite  ref/standardservowrite.html
raspberrypilibpwm  ref/pwm.html
raspberrypilibsdlvideodisplay  ref/sdlvideodisplay.html
raspberrypilibudpreceive  ref/udpreceive.html
raspberrypilibudpsend  ref/udpsend.html
raspberrypilibv4l2videocapture  ref/v4l2videocapture.html
supportedusbcameras  ref/v4l2videocapture.html#supportedusbcameras
raspberrypilibthingspeakwrite  ref/thingspeakwrite.html
libshhts221  ref/hts221humiditysensor.html
libshlps25h  ref/lps25hpressuresensor.html
libshledmatrix  ref/8x8rgbledmatrix.html
libshlsm9ds1  ref/lsm9ds1imusensor.html
libshjoystick  ref/joystick.html
libi2cmasterread  ref/i2cmasterread.html
libi2cmasterwrite  ref/i2cmasterwrite.html
libspimastertransfer  ref/spimastertransfer.html
libspiregisterread  ref/spiregisterread.html
libspiregisterwrite  ref/spiregisterwrite.html
libserialread  ref/serialread.html
libserialwrite  ref/serialwrite.html
legoev3libev3tcpipreceive  ref/tcpipreceive.html
androidlibtcpipreceive  ref/tcpipreceive.html
ioslibtcpipreceive  ref/tcpipreceive.html
libtcpipreceive  ref/tcpipreceive.html
legoev3libev3tcpipsend  ref/tcpipsend.html
androidlibtcpipsend  ref/tcpipsend.html
ioslibtcpipsend  ref/tcpipsend.html
libtcpipsend  ref/tcpipsend.html
liblinuxmqttpublish  ref/mqttpublish.html
liblinuxmqttsubscribe  ref/mqttsubscribe.html
help_button  ref/type-sect1-title-here.html#bvpvs9m-1
Tag_ConfigSet_RTW_TargetHardware  ref/type-sect1-title-here.html#bvpvs9m-4
Tag_ConfigSet_CoderTarget_Base_Rate_Task_Priority  ref/type-sect1-title-here.html#bvp2cwz-1
Tag_ConfigSet_CoderTarget_Detect_Task_Overruns  ref/type-sect1-title-here.html#bvp2cwz-4
Tag_ConfigSet_CoderTarget_DeviceAddress  ref/board-parameters.html#bvpv_ps-1
Tag_ConfigSet_CoderTarget_Username  ref/board-parameters.html#bvpv_q_-1
Tag_ConfigSet_CoderTarget_Password  ref/board-parameters.html#bvpv_r7-1
Tag_ConfigSet_CoderTarget_Build_action  ref/build-options.html#bvpv_u7-1
Tag_ConfigSet_CoderTarget_BuildDir  ref/build-options.html#bvpv_u7-4
Tag_ConfigSet_CoderTarget_RunOnBoot  ref/build-options.html#mw_f48fd923-84ae-4ff7-80dd-d6aa07f46505
Tag_ConfigSet_CoderTarget_SPI_SPI0CE0BusSpeed  ref/spi.html#bvpv_xa-1
Tag_ConfigSet_CoderTarget_SPI_SPI0CE1BusSpeed  ref/spi.html#bvpv_xa-3
Tag_ConfigSet_CoderTarget_mqtt  ref/mqtt.html
Tag_ConfigSet_CoderTarget_mqtt_broker_address  ref/mqtt.html#mw_356aaba6-e12d-4d92-9eda-ae8730f086f4
Tag_ConfigSet_CoderTarget_mqtt_username  ref/mqtt.html#mw_72d3b2fb-4b0e-40b6-9995-4ec6073370ac
Tag_ConfigSet_CoderTarget_mqtt_password  ref/mqtt.html#mw_f4dbe53a-6be8-45d4-a1d4-a0a46ac1b2a0
Tag_ConfigSet_CoderTarget_mqtt_clientID  ref/mqtt.html#mw_1a3a1654-2c65-454a-8c60-e4190af650e9
Tag_ConfigSet_CoderTarget_ExtMode_Configuration  ref/external-mode.html#bvpv_y2-1
Tag_ConfigSet_CoderTarget_ExtMode_RunInBackground  ref/external-mode.html#bvpv_1q-1
Tag_ConfigSet_CoderTarget_Wifi_WPA_password  ref/external-mode.html#bvpv_2n-1
Tag_ConfigSet_CoderTarget_Port  ref/external-mode.html#bvpv_2n-1
Tag_ConfigSet_CoderTarget_ExtMode_Port  ref/external-mode.html#bvpwa16-1
Tag_ConfigSet_CoderTarget_ExtMode_Verbose  ref/external-mode.html#bvpv_3n-1
GettingStartedWithSimulinkRaspberryPiHardwareExample  ref/getting-started-with-raspberry-pi-hardware.html
GettingStartedWithSimulinkRaspberryPiHardwareExample-1  ref/getting-started-with-raspberry-pi-hardware.html#d120e10963
GettingStartedWithSimulinkRaspberryPiHardwareExample-2  ref/getting-started-with-raspberry-pi-hardware.html#d120e10971
GettingStartedWithSimulinkRaspberryPiHardwareExample-3  ref/getting-started-with-raspberry-pi-hardware.html#d120e10986
GettingStartedWithSimulinkRaspberryPiHardwareExample-4  ref/getting-started-with-raspberry-pi-hardware.html#d120e11000
GettingStartedWithSimulinkRaspberryPiHardwareExample-5  ref/getting-started-with-raspberry-pi-hardware.html#d120e11036
GettingStartedWithSimulinkRaspberryPiHardwareExample-6  ref/getting-started-with-raspberry-pi-hardware.html#d120e11089
GettingStartedWithSimulinkRaspberryPiHardwareExample-7  ref/getting-started-with-raspberry-pi-hardware.html#d120e11135
ExternalModeWithRaspberryPiRHardwareExample  ref/communicating-with-raspberry-pi-hardware.html
ExternalModeWithRaspberryPiRHardwareExample-1  ref/communicating-with-raspberry-pi-hardware.html#d120e11177
ExternalModeWithRaspberryPiRHardwareExample-2  ref/communicating-with-raspberry-pi-hardware.html#d120e11202
ExternalModeWithRaspberryPiRHardwareExample-3  ref/communicating-with-raspberry-pi-hardware.html#d120e11210
ExternalModeWithRaspberryPiRHardwareExample-4  ref/communicating-with-raspberry-pi-hardware.html#d120e11224
ExternalModeWithRaspberryPiRHardwareExample-5  ref/communicating-with-raspberry-pi-hardware.html#d120e11264
ExternalModeWithRaspberryPiRHardwareExample-6  ref/communicating-with-raspberry-pi-hardware.html#d120e11305
ExternalModeWithRaspberryPiRHardwareExample-7  ref/communicating-with-raspberry-pi-hardware.html#d120e11326
ExternalModeWithRaspberryPiRHardwareExample-8  ref/communicating-with-raspberry-pi-hardware.html#d120e11364
ExternalModeWithRaspberryPiRHardwareExample-9  ref/communicating-with-raspberry-pi-hardware.html#d120e11375
RunningLinuxRShellCommandsExample  ref/running-linux-r-shell-commands.html
RunningLinuxRShellCommandsExample-1  ref/running-linux-r-shell-commands.html#d120e11422
RunningLinuxRShellCommandsExample-2  ref/running-linux-r-shell-commands.html#d120e11428
RunningLinuxRShellCommandsExample-3  ref/running-linux-r-shell-commands.html#d120e11438
RunningLinuxRShellCommandsExample-4  ref/running-linux-r-shell-commands.html#d120e11466
RunningLinuxRShellCommandsExample-5  ref/running-linux-r-shell-commands.html#d120e11497
RunningLinuxRShellCommandsExample-6  ref/running-linux-r-shell-commands.html#d120e11517
RunningLinuxRShellCommandsExample-7  ref/running-linux-r-shell-commands.html#d120e11548
raspberrypi_gettingstarted_with_ros  ref/getting-started-with-robot-operating-system-ros-on-raspberry-pi-r.html
raspberrypi_gettingstarted_with_ros-1  ref/getting-started-with-robot-operating-system-ros-on-raspberry-pi-r.html#d120e11583
raspberrypi_gettingstarted_with_ros-2  ref/getting-started-with-robot-operating-system-ros-on-raspberry-pi-r.html#d120e11618
raspberrypi_gettingstarted_with_ros-3  ref/getting-started-with-robot-operating-system-ros-on-raspberry-pi-r.html#d120e11640
raspberrypi_gettingstarted_with_ros-4  ref/getting-started-with-robot-operating-system-ros-on-raspberry-pi-r.html#d120e11656
raspberrypi_gettingstarted_with_ros-5  ref/getting-started-with-robot-operating-system-ros-on-raspberry-pi-r.html#d120e11748
raspberrypi_gettingstarted_with_ros-6  ref/getting-started-with-robot-operating-system-ros-on-raspberry-pi-r.html#d120e11806
raspberrypi_gettingstarted_with_ros-7  ref/getting-started-with-robot-operating-system-ros-on-raspberry-pi-r.html#d120e11865
raspberrypi_gettingstarted_with_ros-8  ref/getting-started-with-robot-operating-system-ros-on-raspberry-pi-r.html#d120e11970
CommunicatingWithAnEEPROMExample  ref/communicating-with-an-eeprom.html
CommunicatingWithAnEEPROMExample-1  ref/communicating-with-an-eeprom.html#d120e12016
CommunicatingWithAnEEPROMExample-2  ref/communicating-with-an-eeprom.html#d120e12025
CommunicatingWithAnEEPROMExample-3  ref/communicating-with-an-eeprom.html#d120e12044
CommunicatingWithAnEEPROMExample-4  ref/communicating-with-an-eeprom.html#d120e12066
CommunicatingWithAnEEPROMExample-5  ref/communicating-with-an-eeprom.html#d120e12076
CommunicatingWithAnEEPROMExample-6  ref/communicating-with-an-eeprom.html#d120e12106
CommunicatingWithAnEEPROMExample-7  ref/communicating-with-an-eeprom.html#d120e12134
CommunicatingWithAnEEPROMExample-8  ref/communicating-with-an-eeprom.html#d120e12177
CommunicatingWithAnEEPROMExample-9  ref/communicating-with-an-eeprom.html#d120e12210
CommunicatingWithAnEEPROMExample-10  ref/communicating-with-an-eeprom.html#d120e12359
CommunicatingWithAnEEPROMExample-11  ref/communicating-with-an-eeprom.html#d120e12402
CommunicatingWithAnEEPROMExample-12  ref/communicating-with-an-eeprom.html#d120e12415
ReadTemperatureFromATMP102SensorExample  ref/read-temperature-from-a-tmp102-sensor.html
ReadTemperatureFromATMP102SensorExample-1  ref/read-temperature-from-a-tmp102-sensor.html#d120e12473
ReadTemperatureFromATMP102SensorExample-2  ref/read-temperature-from-a-tmp102-sensor.html#d120e12484
ReadTemperatureFromATMP102SensorExample-3  ref/read-temperature-from-a-tmp102-sensor.html#d120e12497
ReadTemperatureFromATMP102SensorExample-4  ref/read-temperature-from-a-tmp102-sensor.html#d120e12520
ReadTemperatureFromATMP102SensorExample-5  ref/read-temperature-from-a-tmp102-sensor.html#d120e12530
ReadTemperatureFromATMP102SensorExample-6  ref/read-temperature-from-a-tmp102-sensor.html#d120e12551
ReadTemperatureFromATMP102SensorExample-7  ref/read-temperature-from-a-tmp102-sensor.html#d120e12594
ReadTemperatureFromATMP102SensorExample-8  ref/read-temperature-from-a-tmp102-sensor.html#d120e12674
ReadTemperatureFromATMP102SensorExample-9  ref/read-temperature-from-a-tmp102-sensor.html#d120e12725
ReadTemperatureFromATMP102SensorExample-10  ref/read-temperature-from-a-tmp102-sensor.html#d120e12879
ReadTemperatureFromATMP102SensorExample-11  ref/read-temperature-from-a-tmp102-sensor.html#d120e12943
ReadTemperatureFromATMP102SensorExample-12  ref/read-temperature-from-a-tmp102-sensor.html#d120e12987
ReadTemperatureFromATMP102SensorExample-13  ref/read-temperature-from-a-tmp102-sensor.html#d120e13019
LEDControlFromAndroidTMDeviceExample  ref/led-control-from-android-r-device.html
LEDControlFromAndroidTMDeviceExample-1  ref/led-control-from-android-r-device.html#d120e13075
LEDControlFromAndroidTMDeviceExample-2  ref/led-control-from-android-r-device.html#d120e13097
LEDControlFromAndroidTMDeviceExample-3  ref/led-control-from-android-r-device.html#d120e13107
LEDControlFromAndroidTMDeviceExample-4  ref/led-control-from-android-r-device.html#d120e13120
LEDControlFromAndroidTMDeviceExample-5  ref/led-control-from-android-r-device.html#d120e13152
LEDControlFromAndroidTMDeviceExample-6  ref/led-control-from-android-r-device.html#d120e13192
LEDControlFromAndroidTMDeviceExample-7  ref/led-control-from-android-r-device.html#d120e13229
LEDControlFromAppleIOSDeviceExample  ref/led-control-from-apple-r-ios-r-device.html
LEDControlFromAppleIOSDeviceExample-1  ref/led-control-from-apple-r-ios-r-device.html#d120e13271
LEDControlFromAppleIOSDeviceExample-2  ref/led-control-from-apple-r-ios-r-device.html#d120e13293
LEDControlFromAppleIOSDeviceExample-3  ref/led-control-from-apple-r-ios-r-device.html#d120e13303
LEDControlFromAppleIOSDeviceExample-4  ref/led-control-from-apple-r-ios-r-device.html#d120e13316
LEDControlFromAppleIOSDeviceExample-5  ref/led-control-from-apple-r-ios-r-device.html#d120e13348
LEDControlFromAppleIOSDeviceExample-6  ref/led-control-from-apple-r-ios-r-device.html#d120e13388
LEDControlFromAppleIOSDeviceExample-7  ref/led-control-from-apple-r-ios-r-device.html#d120e13432
SurveillanceCameraWithAndroidTMDeviceExample  ref/surveillance-camera-with-android-r-device.html
SurveillanceCameraWithAndroidTMDeviceExample-1  ref/surveillance-camera-with-android-r-device.html#d120e13476
SurveillanceCameraWithAndroidTMDeviceExample-2  ref/surveillance-camera-with-android-r-device.html#d120e13482
SurveillanceCameraWithAndroidTMDeviceExample-3  ref/surveillance-camera-with-android-r-device.html#d120e13496
SurveillanceCameraWithAndroidTMDeviceExample-4  ref/surveillance-camera-with-android-r-device.html#d120e13526
SurveillanceCameraWithAndroidTMDeviceExample-5  ref/surveillance-camera-with-android-r-device.html#d120e13550
SurveillanceCameraWithAndroidTMDeviceExample-6  ref/surveillance-camera-with-android-r-device.html#d120e13605
SurveillanceCameraWithAndroidTMDeviceExample-7  ref/surveillance-camera-with-android-r-device.html#d120e13639
SurveillanceCameraWithAndroidTMDeviceExample-8  ref/surveillance-camera-with-android-r-device.html#d120e13649
SurveillanceCameraWithAppleIOSDeviceExample  ref/surveillance-camera-with-apple-r-ios-r-device.html
SurveillanceCameraWithAppleIOSDeviceExample-1  ref/surveillance-camera-with-apple-r-ios-r-device.html#d120e13710
SurveillanceCameraWithAppleIOSDeviceExample-2  ref/surveillance-camera-with-apple-r-ios-r-device.html#d120e13716
SurveillanceCameraWithAppleIOSDeviceExample-3  ref/surveillance-camera-with-apple-r-ios-r-device.html#d120e13730
SurveillanceCameraWithAppleIOSDeviceExample-4  ref/surveillance-camera-with-apple-r-ios-r-device.html#d120e13760
SurveillanceCameraWithAppleIOSDeviceExample-5  ref/surveillance-camera-with-apple-r-ios-r-device.html#d120e13784
SurveillanceCameraWithAppleIOSDeviceExample-6  ref/surveillance-camera-with-apple-r-ios-r-device.html#d120e13839
SurveillanceCameraWithAppleIOSDeviceExample-7  ref/surveillance-camera-with-apple-r-ios-r-device.html#d120e13873
SurveillanceCameraWithAppleIOSDeviceExample-8  ref/surveillance-camera-with-apple-r-ios-r-device.html#d120e13883
ParametricAudioEqualizerExample  ref/parametric-audio-equalizer.html
ParametricAudioEqualizerExample-1  ref/parametric-audio-equalizer.html#d120e13943
ParametricAudioEqualizerExample-2  ref/parametric-audio-equalizer.html#d120e13953
ParametricAudioEqualizerExample-3  ref/parametric-audio-equalizer.html#d120e13963
ParametricAudioEqualizerExample-4  ref/parametric-audio-equalizer.html#d120e13971
ParametricAudioEqualizerExample-5  ref/parametric-audio-equalizer.html#d120e13988
ParametricAudioEqualizerExample-6  ref/parametric-audio-equalizer.html#d120e14080
ParametricAudioEqualizerExample-7  ref/parametric-audio-equalizer.html#d120e14109
ParametricAudioEqualizerExample-8  ref/parametric-audio-equalizer.html#d120e14120
ImageInversionExample  ref/image-inversion.html
ImageInversionExample-1  ref/image-inversion.html#d120e14162
ImageInversionExample-2  ref/image-inversion.html#d120e14194
ImageInversionExample-3  ref/image-inversion.html#d120e14204
ImageInversionExample-4  ref/image-inversion.html#d120e14234
ImageInversionExample-5  ref/image-inversion.html#d120e14272
ImageInversionExample-6  ref/image-inversion.html#d120e14330
ImageInversionExample-7  ref/image-inversion.html#d120e14371
ImageInversionExample-8  ref/image-inversion.html#d120e14379
MotionSensorExample  ref/motion-sensor.html
MotionSensorExample-1  ref/motion-sensor.html#d120e14425
MotionSensorExample-2  ref/motion-sensor.html#d120e14431
MotionSensorExample-3  ref/motion-sensor.html#d120e14441
MotionSensorExample-4  ref/motion-sensor.html#d120e14476
MotionSensorExample-5  ref/motion-sensor.html#d120e14508
MotionSensorExample-6  ref/motion-sensor.html#d120e14561
MotionSensorExample-7  ref/motion-sensor.html#d120e14602
MotionSensorExample-8  ref/motion-sensor.html#d120e14657
MotionSensorExample-9  ref/motion-sensor.html#d120e14679
raspberrypi_stream_images_ros  ref/stream-images-from-raspberry-pi-using-robot-operating-system-ros.html
raspberrypi_stream_images_ros-1  ref/stream-images-from-raspberry-pi-using-robot-operating-system-ros.html#d120e14735
raspberrypi_stream_images_ros-2  ref/stream-images-from-raspberry-pi-using-robot-operating-system-ros.html#d120e14741
raspberrypi_stream_images_ros-3  ref/stream-images-from-raspberry-pi-using-robot-operating-system-ros.html#d120e14755
raspberrypi_stream_images_ros-4  ref/stream-images-from-raspberry-pi-using-robot-operating-system-ros.html#d120e14774
raspberrypi_stream_images_ros-5  ref/stream-images-from-raspberry-pi-using-robot-operating-system-ros.html#d120e14809
raspberrypi_stream_images_ros-6  ref/stream-images-from-raspberry-pi-using-robot-operating-system-ros.html#d120e14856
raspberrypi_stream_images_ros-7  ref/stream-images-from-raspberry-pi-using-robot-operating-system-ros.html#d120e14927
raspberrypi_stream_images_ros-8  ref/stream-images-from-raspberry-pi-using-robot-operating-system-ros.html#d120e14952
AutorotateAnImageDisplayedOnSenseHATLEDMatrixExample  ref/auto-rotate-an-image-displayed-on-sense-hat-led-matrix.html
AutorotateAnImageDisplayedOnSenseHATLEDMatrixExample-1  ref/auto-rotate-an-image-displayed-on-sense-hat-led-matrix.html#d120e15007
AutorotateAnImageDisplayedOnSenseHATLEDMatrixExample-3  ref/auto-rotate-an-image-displayed-on-sense-hat-led-matrix.html#d120e15025
AutorotateAnImageDisplayedOnSenseHATLEDMatrixExample-4  ref/auto-rotate-an-image-displayed-on-sense-hat-led-matrix.html#d120e15035
AutorotateAnImageDisplayedOnSenseHATLEDMatrixExample-5  ref/auto-rotate-an-image-displayed-on-sense-hat-led-matrix.html#d120e15052
AutorotateAnImageDisplayedOnSenseHATLEDMatrixExample-6  ref/auto-rotate-an-image-displayed-on-sense-hat-led-matrix.html#d120e15060
AutorotateAnImageDisplayedOnSenseHATLEDMatrixExample-7  ref/auto-rotate-an-image-displayed-on-sense-hat-led-matrix.html#d120e15133
AutorotateAnImageDisplayedOnSenseHATLEDMatrixExample-8  ref/auto-rotate-an-image-displayed-on-sense-hat-led-matrix.html#d120e15177
AutorotateAnImageDisplayedOnSenseHATLEDMatrixExample-9  ref/auto-rotate-an-image-displayed-on-sense-hat-led-matrix.html#d120e15212
AutorotateAnImageDisplayedOnSenseHATLEDMatrixExample-10  ref/auto-rotate-an-image-displayed-on-sense-hat-led-matrix.html#d120e15264
AutorotateAnImageDisplayedOnSenseHATLEDMatrixExample-11  ref/auto-rotate-an-image-displayed-on-sense-hat-led-matrix.html#d120e15295
ControllingLEGOEV3RobotUsingRaspPiSenseHATExample  ref/controlling-lego-mindstorms-ev3-robot-using-raspberry-pi-sense-hat.html
ControllingLEGOEV3RobotUsingRaspPiSenseHATExample-1  ref/controlling-lego-mindstorms-ev3-robot-using-raspberry-pi-sense-hat.html#d120e15343
ControllingLEGOEV3RobotUsingRaspPiSenseHATExample-3  ref/controlling-lego-mindstorms-ev3-robot-using-raspberry-pi-sense-hat.html#d120e15388
ControllingLEGOEV3RobotUsingRaspPiSenseHATExample-4  ref/controlling-lego-mindstorms-ev3-robot-using-raspberry-pi-sense-hat.html#d120e15398
ControllingLEGOEV3RobotUsingRaspPiSenseHATExample-5  ref/controlling-lego-mindstorms-ev3-robot-using-raspberry-pi-sense-hat.html#d120e15424
ControllingLEGOEV3RobotUsingRaspPiSenseHATExample-6  ref/controlling-lego-mindstorms-ev3-robot-using-raspberry-pi-sense-hat.html#d120e15442
ControllingLEGOEV3RobotUsingRaspPiSenseHATExample-7  ref/controlling-lego-mindstorms-ev3-robot-using-raspberry-pi-sense-hat.html#d120e15451
ControllingLEGOEV3RobotUsingRaspPiSenseHATExample-8  ref/controlling-lego-mindstorms-ev3-robot-using-raspberry-pi-sense-hat.html#d120e15482
ControllingLEGOEV3RobotUsingRaspPiSenseHATExample-9  ref/controlling-lego-mindstorms-ev3-robot-using-raspberry-pi-sense-hat.html#d120e15499
ControllingLEGOEV3RobotUsingRaspPiSenseHATExample-10  ref/controlling-lego-mindstorms-ev3-robot-using-raspberry-pi-sense-hat.html#d120e15536
ControllingLEGOEV3RobotUsingRaspPiSenseHATExample-11  ref/controlling-lego-mindstorms-ev3-robot-using-raspberry-pi-sense-hat.html#d120e15560
ControllingLEGOEV3RobotUsingRaspPiSenseHATExample-12  ref/controlling-lego-mindstorms-ev3-robot-using-raspberry-pi-sense-hat.html#d120e15577
MATfileLoggingOnRaspberryPiTMHardwareExample  ref/mat-file-logging-on-raspberry-pi-hardware.html
MATfileLoggingOnRaspberryPiTMHardwareExample-1  ref/mat-file-logging-on-raspberry-pi-hardware.html#d120e15629
MATfileLoggingOnRaspberryPiTMHardwareExample-2  ref/mat-file-logging-on-raspberry-pi-hardware.html#d120e15635
MATfileLoggingOnRaspberryPiTMHardwareExample-3  ref/mat-file-logging-on-raspberry-pi-hardware.html#d120e15643
MATfileLoggingOnRaspberryPiTMHardwareExample-4  ref/mat-file-logging-on-raspberry-pi-hardware.html#d120e15649
MATfileLoggingOnRaspberryPiTMHardwareExample-7  ref/mat-file-logging-on-raspberry-pi-hardware.html#d120e15707
MATfileLoggingOnRaspberryPiTMHardwareExample-8  ref/mat-file-logging-on-raspberry-pi-hardware.html#d120e15781
MATfileLoggingOnRaspberryPiTMHardwareExample-9  ref/mat-file-logging-on-raspberry-pi-hardware.html#d120e15808
MATfileLoggingOnRaspberryPiTMHardwareExample-10  ref/mat-file-logging-on-raspberry-pi-hardware.html#d120e15858
MATfileLoggingOnRaspberryPiTMHardwareExample-11  ref/mat-file-logging-on-raspberry-pi-hardware.html#d120e15875
CountingStepsUsingRaspberryPiSenseHATExample  ref/counting-steps-using-raspberry-pi-sensehat.html
CountingStepsUsingRaspberryPiSenseHATExample-1  ref/counting-steps-using-raspberry-pi-sensehat.html#d120e15926
CountingStepsUsingRaspberryPiSenseHATExample-2  ref/counting-steps-using-raspberry-pi-sensehat.html#d120e15936
CountingStepsUsingRaspberryPiSenseHATExample-3  ref/counting-steps-using-raspberry-pi-sensehat.html#d120e15946
CountingStepsUsingRaspberryPiSenseHATExample-4  ref/counting-steps-using-raspberry-pi-sensehat.html#d120e15959
CountingStepsUsingRaspberryPiSenseHATExample-7  ref/counting-steps-using-raspberry-pi-sensehat.html#d120e16007
CountingStepsUsingRaspberryPiSenseHATExample-8  ref/counting-steps-using-raspberry-pi-sensehat.html#d120e16083
CountingStepsUsingRaspberryPiSenseHATExample-9  ref/counting-steps-using-raspberry-pi-sensehat.html#d120e16101
CountingStepsUsingRaspberryPiSenseHATExample-10  ref/counting-steps-using-raspberry-pi-sensehat.html#d120e16208
AudioVisualizerUsingRaspberryPiTMSenseHATExample  ref/audio-visualizer-using-raspberry-pi-sense-hat.html
AudioVisualizerUsingRaspberryPiTMSenseHATExample-1  ref/audio-visualizer-using-raspberry-pi-sense-hat.html#d120e16252
AudioVisualizerUsingRaspberryPiTMSenseHATExample-3  ref/audio-visualizer-using-raspberry-pi-sense-hat.html#d120e16258
AudioVisualizerUsingRaspberryPiTMSenseHATExample-4  ref/audio-visualizer-using-raspberry-pi-sense-hat.html#d120e16273
AudioVisualizerUsingRaspberryPiTMSenseHATExample-5  ref/audio-visualizer-using-raspberry-pi-sense-hat.html#d120e16286
AudioVisualizerUsingRaspberryPiTMSenseHATExample-6  ref/audio-visualizer-using-raspberry-pi-sense-hat.html#d120e16292
AudioVisualizerUsingRaspberryPiTMSenseHATExample-7  ref/audio-visualizer-using-raspberry-pi-sense-hat.html#d120e16308
AudioVisualizerUsingRaspberryPiTMSenseHATExample-10  ref/audio-visualizer-using-raspberry-pi-sense-hat.html#d120e16395
AudioVisualizerUsingRaspberryPiTMSenseHATExample-11  ref/audio-visualizer-using-raspberry-pi-sense-hat.html#d120e16406
PublishAndSubscribeToMessagesUsingMQTTBlocksExample  ref/publish-and-subscribe-to-messages-using-mqtt-blocks.html
PublishAndSubscribeToMessagesUsingMQTTBlocksExample-2  ref/publish-and-subscribe-to-messages-using-mqtt-blocks.html#d120e16454
PublishAndSubscribeToMessagesUsingMQTTBlocksExample-3  ref/publish-and-subscribe-to-messages-using-mqtt-blocks.html#d120e16488
PublishAndSubscribeToMessagesUsingMQTTBlocksExample-4  ref/publish-and-subscribe-to-messages-using-mqtt-blocks.html#d120e16503
PublishAndSubscribeToMessagesUsingMQTTBlocksExample-5  ref/publish-and-subscribe-to-messages-using-mqtt-blocks.html#d120e16514
PublishAndSubscribeToMessagesUsingMQTTBlocksExample-6  ref/publish-and-subscribe-to-messages-using-mqtt-blocks.html#d120e16530
PublishAndSubscribeToMessagesUsingMQTTBlocksExample-9  ref/publish-and-subscribe-to-messages-using-mqtt-blocks.html#d120e16579
PublishAndSubscribeToMessagesUsingMQTTBlocksExample-12  ref/publish-and-subscribe-to-messages-using-mqtt-blocks.html#d120e16620
PublishAndSubscribeToMessagesUsingMQTTBlocksExample-13  ref/publish-and-subscribe-to-messages-using-mqtt-blocks.html#d120e16735
PublishAndSubscribeToMessagesUsingMQTTBlocksExample-14  ref/publish-and-subscribe-to-messages-using-mqtt-blocks.html#d120e16762
PublishAndSubscribeToMessagesUsingMQTTBlocksExample-15  ref/publish-and-subscribe-to-messages-using-mqtt-blocks.html#d120e16786
raspberrypiinstallorupdatetarget  ug/install-target-for-raspberry-pi-hardware.html#raspberrypiinstallorupdatetarget
raspberrypi_serial_console  ug/opening-a-serial-command-line-session-with-your-raspberry_pi-hardware.html
raspberrypiautoemail  ug/configure-raspberry-pi-hardware-to-email-ip-address-changes.html#raspberrypiautoemail
raspberrypiupfwhowtoipaddr  ug/getting-the-raspberry_pi-ip-address.html#raspberrypiupfwhowtoipaddr
enable_passwordless_sudo  ug/enable-passwordless-sudo-in-linux-on-raspberry-pi-hardware.html