
GettingStartedWithSimulinkRaspberryPiHardwareExample getting-started-with-raspberry-pi-hardware.html
GettingStartedWithSimulinkRaspberryPiHardwareExample-1 getting-started-with-raspberry-pi-hardware.html#d120e77
GettingStartedWithSimulinkRaspberryPiHardwareExample-2 getting-started-with-raspberry-pi-hardware.html#d120e85
GettingStartedWithSimulinkRaspberryPiHardwareExample-3 getting-started-with-raspberry-pi-hardware.html#d120e100
GettingStartedWithSimulinkRaspberryPiHardwareExample-4 getting-started-with-raspberry-pi-hardware.html#d120e114
GettingStartedWithSimulinkRaspberryPiHardwareExample-5 getting-started-with-raspberry-pi-hardware.html#d120e150
GettingStartedWithSimulinkRaspberryPiHardwareExample-6 getting-started-with-raspberry-pi-hardware.html#d120e203
GettingStartedWithSimulinkRaspberryPiHardwareExample-7 getting-started-with-raspberry-pi-hardware.html#d120e249
ExternalModeWithRaspberryPiRHardwareExample communicating-with-raspberry-pi-hardware.html
ExternalModeWithRaspberryPiRHardwareExample-1 communicating-with-raspberry-pi-hardware.html#d120e291
ExternalModeWithRaspberryPiRHardwareExample-2 communicating-with-raspberry-pi-hardware.html#d120e316
ExternalModeWithRaspberryPiRHardwareExample-3 communicating-with-raspberry-pi-hardware.html#d120e324
ExternalModeWithRaspberryPiRHardwareExample-4 communicating-with-raspberry-pi-hardware.html#d120e338
ExternalModeWithRaspberryPiRHardwareExample-5 communicating-with-raspberry-pi-hardware.html#d120e378
ExternalModeWithRaspberryPiRHardwareExample-6 communicating-with-raspberry-pi-hardware.html#d120e419
ExternalModeWithRaspberryPiRHardwareExample-7 communicating-with-raspberry-pi-hardware.html#d120e440
ExternalModeWithRaspberryPiRHardwareExample-8 communicating-with-raspberry-pi-hardware.html#d120e478
ExternalModeWithRaspberryPiRHardwareExample-9 communicating-with-raspberry-pi-hardware.html#d120e489
RunningLinuxRShellCommandsExample running-linux-r-shell-commands.html
RunningLinuxRShellCommandsExample-1 running-linux-r-shell-commands.html#d120e536
RunningLinuxRShellCommandsExample-2 running-linux-r-shell-commands.html#d120e542
RunningLinuxRShellCommandsExample-3 running-linux-r-shell-commands.html#d120e552
RunningLinuxRShellCommandsExample-4 running-linux-r-shell-commands.html#d120e580
RunningLinuxRShellCommandsExample-5 running-linux-r-shell-commands.html#d120e611
RunningLinuxRShellCommandsExample-6 running-linux-r-shell-commands.html#d120e631
RunningLinuxRShellCommandsExample-7 running-linux-r-shell-commands.html#d120e662
raspberrypi_gettingstarted_with_ros getting-started-with-robot-operating-system-ros-on-raspberry-pi-r.html
raspberrypi_gettingstarted_with_ros-1 getting-started-with-robot-operating-system-ros-on-raspberry-pi-r.html#d120e697
raspberrypi_gettingstarted_with_ros-2 getting-started-with-robot-operating-system-ros-on-raspberry-pi-r.html#d120e732
raspberrypi_gettingstarted_with_ros-3 getting-started-with-robot-operating-system-ros-on-raspberry-pi-r.html#d120e754
raspberrypi_gettingstarted_with_ros-4 getting-started-with-robot-operating-system-ros-on-raspberry-pi-r.html#d120e770
raspberrypi_gettingstarted_with_ros-5 getting-started-with-robot-operating-system-ros-on-raspberry-pi-r.html#d120e862
raspberrypi_gettingstarted_with_ros-6 getting-started-with-robot-operating-system-ros-on-raspberry-pi-r.html#d120e920
raspberrypi_gettingstarted_with_ros-7 getting-started-with-robot-operating-system-ros-on-raspberry-pi-r.html#d120e979
raspberrypi_gettingstarted_with_ros-8 getting-started-with-robot-operating-system-ros-on-raspberry-pi-r.html#d120e1084
CommunicatingWithAnEEPROMExample communicating-with-an-eeprom.html
CommunicatingWithAnEEPROMExample-1 communicating-with-an-eeprom.html#d120e1130
CommunicatingWithAnEEPROMExample-2 communicating-with-an-eeprom.html#d120e1139
CommunicatingWithAnEEPROMExample-3 communicating-with-an-eeprom.html#d120e1158
CommunicatingWithAnEEPROMExample-4 communicating-with-an-eeprom.html#d120e1180
CommunicatingWithAnEEPROMExample-5 communicating-with-an-eeprom.html#d120e1190
CommunicatingWithAnEEPROMExample-6 communicating-with-an-eeprom.html#d120e1220
CommunicatingWithAnEEPROMExample-7 communicating-with-an-eeprom.html#d120e1248
CommunicatingWithAnEEPROMExample-8 communicating-with-an-eeprom.html#d120e1291
CommunicatingWithAnEEPROMExample-9 communicating-with-an-eeprom.html#d120e1324
CommunicatingWithAnEEPROMExample-10 communicating-with-an-eeprom.html#d120e1473
CommunicatingWithAnEEPROMExample-11 communicating-with-an-eeprom.html#d120e1516
CommunicatingWithAnEEPROMExample-12 communicating-with-an-eeprom.html#d120e1529
ReadTemperatureFromATMP102SensorExample read-temperature-from-a-tmp102-sensor.html
ReadTemperatureFromATMP102SensorExample-1 read-temperature-from-a-tmp102-sensor.html#d120e1587
ReadTemperatureFromATMP102SensorExample-2 read-temperature-from-a-tmp102-sensor.html#d120e1598
ReadTemperatureFromATMP102SensorExample-3 read-temperature-from-a-tmp102-sensor.html#d120e1611
ReadTemperatureFromATMP102SensorExample-4 read-temperature-from-a-tmp102-sensor.html#d120e1634
ReadTemperatureFromATMP102SensorExample-5 read-temperature-from-a-tmp102-sensor.html#d120e1644
ReadTemperatureFromATMP102SensorExample-6 read-temperature-from-a-tmp102-sensor.html#d120e1665
ReadTemperatureFromATMP102SensorExample-7 read-temperature-from-a-tmp102-sensor.html#d120e1708
ReadTemperatureFromATMP102SensorExample-8 read-temperature-from-a-tmp102-sensor.html#d120e1788
ReadTemperatureFromATMP102SensorExample-9 read-temperature-from-a-tmp102-sensor.html#d120e1839
ReadTemperatureFromATMP102SensorExample-10 read-temperature-from-a-tmp102-sensor.html#d120e1993
ReadTemperatureFromATMP102SensorExample-11 read-temperature-from-a-tmp102-sensor.html#d120e2057
ReadTemperatureFromATMP102SensorExample-12 read-temperature-from-a-tmp102-sensor.html#d120e2101
ReadTemperatureFromATMP102SensorExample-13 read-temperature-from-a-tmp102-sensor.html#d120e2133
LEDControlFromAndroidTMDeviceExample led-control-from-android-r-device.html
LEDControlFromAndroidTMDeviceExample-1 led-control-from-android-r-device.html#d120e2189
LEDControlFromAndroidTMDeviceExample-2 led-control-from-android-r-device.html#d120e2211
LEDControlFromAndroidTMDeviceExample-3 led-control-from-android-r-device.html#d120e2221
LEDControlFromAndroidTMDeviceExample-4 led-control-from-android-r-device.html#d120e2234
LEDControlFromAndroidTMDeviceExample-5 led-control-from-android-r-device.html#d120e2266
LEDControlFromAndroidTMDeviceExample-6 led-control-from-android-r-device.html#d120e2306
LEDControlFromAndroidTMDeviceExample-7 led-control-from-android-r-device.html#d120e2343
LEDControlFromAppleIOSDeviceExample led-control-from-apple-r-ios-r-device.html
LEDControlFromAppleIOSDeviceExample-1 led-control-from-apple-r-ios-r-device.html#d120e2385
LEDControlFromAppleIOSDeviceExample-2 led-control-from-apple-r-ios-r-device.html#d120e2407
LEDControlFromAppleIOSDeviceExample-3 led-control-from-apple-r-ios-r-device.html#d120e2417
LEDControlFromAppleIOSDeviceExample-4 led-control-from-apple-r-ios-r-device.html#d120e2430
LEDControlFromAppleIOSDeviceExample-5 led-control-from-apple-r-ios-r-device.html#d120e2462
LEDControlFromAppleIOSDeviceExample-6 led-control-from-apple-r-ios-r-device.html#d120e2502
LEDControlFromAppleIOSDeviceExample-7 led-control-from-apple-r-ios-r-device.html#d120e2546
SurveillanceCameraWithAndroidTMDeviceExample surveillance-camera-with-android-r-device.html
SurveillanceCameraWithAndroidTMDeviceExample-1 surveillance-camera-with-android-r-device.html#d120e2590
SurveillanceCameraWithAndroidTMDeviceExample-2 surveillance-camera-with-android-r-device.html#d120e2596
SurveillanceCameraWithAndroidTMDeviceExample-3 surveillance-camera-with-android-r-device.html#d120e2610
SurveillanceCameraWithAndroidTMDeviceExample-4 surveillance-camera-with-android-r-device.html#d120e2640
SurveillanceCameraWithAndroidTMDeviceExample-5 surveillance-camera-with-android-r-device.html#d120e2664
SurveillanceCameraWithAndroidTMDeviceExample-6 surveillance-camera-with-android-r-device.html#d120e2719
SurveillanceCameraWithAndroidTMDeviceExample-7 surveillance-camera-with-android-r-device.html#d120e2753
SurveillanceCameraWithAndroidTMDeviceExample-8 surveillance-camera-with-android-r-device.html#d120e2763
SurveillanceCameraWithAppleIOSDeviceExample surveillance-camera-with-apple-r-ios-r-device.html
SurveillanceCameraWithAppleIOSDeviceExample-1 surveillance-camera-with-apple-r-ios-r-device.html#d120e2824
SurveillanceCameraWithAppleIOSDeviceExample-2 surveillance-camera-with-apple-r-ios-r-device.html#d120e2830
SurveillanceCameraWithAppleIOSDeviceExample-3 surveillance-camera-with-apple-r-ios-r-device.html#d120e2844
SurveillanceCameraWithAppleIOSDeviceExample-4 surveillance-camera-with-apple-r-ios-r-device.html#d120e2874
SurveillanceCameraWithAppleIOSDeviceExample-5 surveillance-camera-with-apple-r-ios-r-device.html#d120e2898
SurveillanceCameraWithAppleIOSDeviceExample-6 surveillance-camera-with-apple-r-ios-r-device.html#d120e2953
SurveillanceCameraWithAppleIOSDeviceExample-7 surveillance-camera-with-apple-r-ios-r-device.html#d120e2987
SurveillanceCameraWithAppleIOSDeviceExample-8 surveillance-camera-with-apple-r-ios-r-device.html#d120e2997
ParametricAudioEqualizerExample parametric-audio-equalizer.html
ParametricAudioEqualizerExample-1 parametric-audio-equalizer.html#d120e3057
ParametricAudioEqualizerExample-2 parametric-audio-equalizer.html#d120e3067
ParametricAudioEqualizerExample-3 parametric-audio-equalizer.html#d120e3077
ParametricAudioEqualizerExample-4 parametric-audio-equalizer.html#d120e3085
ParametricAudioEqualizerExample-5 parametric-audio-equalizer.html#d120e3102
ParametricAudioEqualizerExample-6 parametric-audio-equalizer.html#d120e3194
ParametricAudioEqualizerExample-7 parametric-audio-equalizer.html#d120e3223
ParametricAudioEqualizerExample-8 parametric-audio-equalizer.html#d120e3234
ImageInversionExample image-inversion.html
ImageInversionExample-1 image-inversion.html#d120e3276
ImageInversionExample-2 image-inversion.html#d120e3308
ImageInversionExample-3 image-inversion.html#d120e3318
ImageInversionExample-4 image-inversion.html#d120e3348
ImageInversionExample-5 image-inversion.html#d120e3386
ImageInversionExample-6 image-inversion.html#d120e3444
ImageInversionExample-7 image-inversion.html#d120e3485
ImageInversionExample-8 image-inversion.html#d120e3493
MotionSensorExample motion-sensor.html
MotionSensorExample-1 motion-sensor.html#d120e3539
MotionSensorExample-2 motion-sensor.html#d120e3545
MotionSensorExample-3 motion-sensor.html#d120e3555
MotionSensorExample-4 motion-sensor.html#d120e3590
MotionSensorExample-5 motion-sensor.html#d120e3622
MotionSensorExample-6 motion-sensor.html#d120e3675
MotionSensorExample-7 motion-sensor.html#d120e3716
MotionSensorExample-8 motion-sensor.html#d120e3771
MotionSensorExample-9 motion-sensor.html#d120e3793
raspberrypi_stream_images_ros stream-images-from-raspberry-pi-using-robot-operating-system-ros.html
raspberrypi_stream_images_ros-1 stream-images-from-raspberry-pi-using-robot-operating-system-ros.html#d120e3849
raspberrypi_stream_images_ros-2 stream-images-from-raspberry-pi-using-robot-operating-system-ros.html#d120e3855
raspberrypi_stream_images_ros-3 stream-images-from-raspberry-pi-using-robot-operating-system-ros.html#d120e3869
raspberrypi_stream_images_ros-4 stream-images-from-raspberry-pi-using-robot-operating-system-ros.html#d120e3888
raspberrypi_stream_images_ros-5 stream-images-from-raspberry-pi-using-robot-operating-system-ros.html#d120e3923
raspberrypi_stream_images_ros-6 stream-images-from-raspberry-pi-using-robot-operating-system-ros.html#d120e3970
raspberrypi_stream_images_ros-7 stream-images-from-raspberry-pi-using-robot-operating-system-ros.html#d120e4041
raspberrypi_stream_images_ros-8 stream-images-from-raspberry-pi-using-robot-operating-system-ros.html#d120e4066
AutorotateAnImageDisplayedOnSenseHATLEDMatrixExample auto-rotate-an-image-displayed-on-sense-hat-led-matrix.html
AutorotateAnImageDisplayedOnSenseHATLEDMatrixExample-1 auto-rotate-an-image-displayed-on-sense-hat-led-matrix.html#d120e4121
AutorotateAnImageDisplayedOnSenseHATLEDMatrixExample-3 auto-rotate-an-image-displayed-on-sense-hat-led-matrix.html#d120e4139
AutorotateAnImageDisplayedOnSenseHATLEDMatrixExample-4 auto-rotate-an-image-displayed-on-sense-hat-led-matrix.html#d120e4149
AutorotateAnImageDisplayedOnSenseHATLEDMatrixExample-5 auto-rotate-an-image-displayed-on-sense-hat-led-matrix.html#d120e4166
AutorotateAnImageDisplayedOnSenseHATLEDMatrixExample-6 auto-rotate-an-image-displayed-on-sense-hat-led-matrix.html#d120e4174
AutorotateAnImageDisplayedOnSenseHATLEDMatrixExample-7 auto-rotate-an-image-displayed-on-sense-hat-led-matrix.html#d120e4247
AutorotateAnImageDisplayedOnSenseHATLEDMatrixExample-8 auto-rotate-an-image-displayed-on-sense-hat-led-matrix.html#d120e4291
AutorotateAnImageDisplayedOnSenseHATLEDMatrixExample-9 auto-rotate-an-image-displayed-on-sense-hat-led-matrix.html#d120e4326
AutorotateAnImageDisplayedOnSenseHATLEDMatrixExample-10 auto-rotate-an-image-displayed-on-sense-hat-led-matrix.html#d120e4378
AutorotateAnImageDisplayedOnSenseHATLEDMatrixExample-11 auto-rotate-an-image-displayed-on-sense-hat-led-matrix.html#d120e4409
ControllingLEGOEV3RobotUsingRaspPiSenseHATExample controlling-lego-mindstorms-ev3-robot-using-raspberry-pi-sense-hat.html
ControllingLEGOEV3RobotUsingRaspPiSenseHATExample-1 controlling-lego-mindstorms-ev3-robot-using-raspberry-pi-sense-hat.html#d120e4457
ControllingLEGOEV3RobotUsingRaspPiSenseHATExample-3 controlling-lego-mindstorms-ev3-robot-using-raspberry-pi-sense-hat.html#d120e4502
ControllingLEGOEV3RobotUsingRaspPiSenseHATExample-4 controlling-lego-mindstorms-ev3-robot-using-raspberry-pi-sense-hat.html#d120e4512
ControllingLEGOEV3RobotUsingRaspPiSenseHATExample-5 controlling-lego-mindstorms-ev3-robot-using-raspberry-pi-sense-hat.html#d120e4538
ControllingLEGOEV3RobotUsingRaspPiSenseHATExample-6 controlling-lego-mindstorms-ev3-robot-using-raspberry-pi-sense-hat.html#d120e4556
ControllingLEGOEV3RobotUsingRaspPiSenseHATExample-7 controlling-lego-mindstorms-ev3-robot-using-raspberry-pi-sense-hat.html#d120e4565
ControllingLEGOEV3RobotUsingRaspPiSenseHATExample-8 controlling-lego-mindstorms-ev3-robot-using-raspberry-pi-sense-hat.html#d120e4596
ControllingLEGOEV3RobotUsingRaspPiSenseHATExample-9 controlling-lego-mindstorms-ev3-robot-using-raspberry-pi-sense-hat.html#d120e4613
ControllingLEGOEV3RobotUsingRaspPiSenseHATExample-10 controlling-lego-mindstorms-ev3-robot-using-raspberry-pi-sense-hat.html#d120e4650
ControllingLEGOEV3RobotUsingRaspPiSenseHATExample-11 controlling-lego-mindstorms-ev3-robot-using-raspberry-pi-sense-hat.html#d120e4674
ControllingLEGOEV3RobotUsingRaspPiSenseHATExample-12 controlling-lego-mindstorms-ev3-robot-using-raspberry-pi-sense-hat.html#d120e4691
MATfileLoggingOnRaspberryPiTMHardwareExample mat-file-logging-on-raspberry-pi-hardware.html
MATfileLoggingOnRaspberryPiTMHardwareExample-1 mat-file-logging-on-raspberry-pi-hardware.html#d120e4743
MATfileLoggingOnRaspberryPiTMHardwareExample-2 mat-file-logging-on-raspberry-pi-hardware.html#d120e4749
MATfileLoggingOnRaspberryPiTMHardwareExample-3 mat-file-logging-on-raspberry-pi-hardware.html#d120e4757
MATfileLoggingOnRaspberryPiTMHardwareExample-4 mat-file-logging-on-raspberry-pi-hardware.html#d120e4763
MATfileLoggingOnRaspberryPiTMHardwareExample-7 mat-file-logging-on-raspberry-pi-hardware.html#d120e4821
MATfileLoggingOnRaspberryPiTMHardwareExample-8 mat-file-logging-on-raspberry-pi-hardware.html#d120e4895
MATfileLoggingOnRaspberryPiTMHardwareExample-9 mat-file-logging-on-raspberry-pi-hardware.html#d120e4922
MATfileLoggingOnRaspberryPiTMHardwareExample-10 mat-file-logging-on-raspberry-pi-hardware.html#d120e4972
MATfileLoggingOnRaspberryPiTMHardwareExample-11 mat-file-logging-on-raspberry-pi-hardware.html#d120e4989
CountingStepsUsingRaspberryPiSenseHATExample counting-steps-using-raspberry-pi-sensehat.html
CountingStepsUsingRaspberryPiSenseHATExample-1 counting-steps-using-raspberry-pi-sensehat.html#d120e5040
CountingStepsUsingRaspberryPiSenseHATExample-2 counting-steps-using-raspberry-pi-sensehat.html#d120e5050
CountingStepsUsingRaspberryPiSenseHATExample-3 counting-steps-using-raspberry-pi-sensehat.html#d120e5060
CountingStepsUsingRaspberryPiSenseHATExample-4 counting-steps-using-raspberry-pi-sensehat.html#d120e5073
CountingStepsUsingRaspberryPiSenseHATExample-7 counting-steps-using-raspberry-pi-sensehat.html#d120e5121
CountingStepsUsingRaspberryPiSenseHATExample-8 counting-steps-using-raspberry-pi-sensehat.html#d120e5197
CountingStepsUsingRaspberryPiSenseHATExample-9 counting-steps-using-raspberry-pi-sensehat.html#d120e5215
CountingStepsUsingRaspberryPiSenseHATExample-10 counting-steps-using-raspberry-pi-sensehat.html#d120e5322
AudioVisualizerUsingRaspberryPiTMSenseHATExample audio-visualizer-using-raspberry-pi-sense-hat.html
AudioVisualizerUsingRaspberryPiTMSenseHATExample-1 audio-visualizer-using-raspberry-pi-sense-hat.html#d120e5366
AudioVisualizerUsingRaspberryPiTMSenseHATExample-3 audio-visualizer-using-raspberry-pi-sense-hat.html#d120e5372
AudioVisualizerUsingRaspberryPiTMSenseHATExample-4 audio-visualizer-using-raspberry-pi-sense-hat.html#d120e5387
AudioVisualizerUsingRaspberryPiTMSenseHATExample-5 audio-visualizer-using-raspberry-pi-sense-hat.html#d120e5400
AudioVisualizerUsingRaspberryPiTMSenseHATExample-6 audio-visualizer-using-raspberry-pi-sense-hat.html#d120e5406
AudioVisualizerUsingRaspberryPiTMSenseHATExample-7 audio-visualizer-using-raspberry-pi-sense-hat.html#d120e5422
AudioVisualizerUsingRaspberryPiTMSenseHATExample-10 audio-visualizer-using-raspberry-pi-sense-hat.html#d120e5509
AudioVisualizerUsingRaspberryPiTMSenseHATExample-11 audio-visualizer-using-raspberry-pi-sense-hat.html#d120e5520
PublishAndSubscribeToMessagesUsingMQTTBlocksExample publish-and-subscribe-to-messages-using-mqtt-blocks.html
PublishAndSubscribeToMessagesUsingMQTTBlocksExample-2 publish-and-subscribe-to-messages-using-mqtt-blocks.html#d120e5568
PublishAndSubscribeToMessagesUsingMQTTBlocksExample-3 publish-and-subscribe-to-messages-using-mqtt-blocks.html#d120e5602
PublishAndSubscribeToMessagesUsingMQTTBlocksExample-4 publish-and-subscribe-to-messages-using-mqtt-blocks.html#d120e5617
PublishAndSubscribeToMessagesUsingMQTTBlocksExample-5 publish-and-subscribe-to-messages-using-mqtt-blocks.html#d120e5628
PublishAndSubscribeToMessagesUsingMQTTBlocksExample-6 publish-and-subscribe-to-messages-using-mqtt-blocks.html#d120e5644
PublishAndSubscribeToMessagesUsingMQTTBlocksExample-9 publish-and-subscribe-to-messages-using-mqtt-blocks.html#d120e5693
PublishAndSubscribeToMessagesUsingMQTTBlocksExample-12 publish-and-subscribe-to-messages-using-mqtt-blocks.html#d120e5734
PublishAndSubscribeToMessagesUsingMQTTBlocksExample-13 publish-and-subscribe-to-messages-using-mqtt-blocks.html#d120e5849
PublishAndSubscribeToMessagesUsingMQTTBlocksExample-14 publish-and-subscribe-to-messages-using-mqtt-blocks.html#d120e5876
PublishAndSubscribeToMessagesUsingMQTTBlocksExample-15 publish-and-subscribe-to-messages-using-mqtt-blocks.html#d120e5900