
GettingStartedWithMATLABSPKGRaspberryPiHardwareExample  examples/getting-started-with-matlab-support-package-for-raspberry-pi-hardware.html
GettingStartedWithMATLABSPKGRaspberryPiHardwareExample-1  examples/getting-started-with-matlab-support-package-for-raspberry-pi-hardware.html#d120e68
GettingStartedWithMATLABSPKGRaspberryPiHardwareExample-2  examples/getting-started-with-matlab-support-package-for-raspberry-pi-hardware.html#d120e79
GettingStartedWithMATLABSPKGRaspberryPiHardwareExample-3  examples/getting-started-with-matlab-support-package-for-raspberry-pi-hardware.html#d120e100
GettingStartedWithMATLABSPKGRaspberryPiHardwareExample-4  examples/getting-started-with-matlab-support-package-for-raspberry-pi-hardware.html#d120e113
GettingStartedWithMATLABSPKGRaspberryPiHardwareExample-5  examples/getting-started-with-matlab-support-package-for-raspberry-pi-hardware.html#d120e132
GettingStartedWithMATLABSPKGRaspberryPiHardwareExample-6  examples/getting-started-with-matlab-support-package-for-raspberry-pi-hardware.html#d120e148
GettingStartedWithMATLABSPKGRaspberryPiHardwareExample-7  examples/getting-started-with-matlab-support-package-for-raspberry-pi-hardware.html#d120e186
GettingStartedWithMATLABSPKGRaspberryPiHardwareExample-8  examples/getting-started-with-matlab-support-package-for-raspberry-pi-hardware.html#d120e217
WorkingWithRaspberryPiHardwareExample  examples/working-with-raspberry-pi-hardware.html
WorkingWithRaspberryPiHardwareExample-1  examples/working-with-raspberry-pi-hardware.html#d120e265
WorkingWithRaspberryPiHardwareExample-2  examples/working-with-raspberry-pi-hardware.html#d120e275
WorkingWithRaspberryPiHardwareExample-3  examples/working-with-raspberry-pi-hardware.html#d120e285
WorkingWithRaspberryPiHardwareExample-4  examples/working-with-raspberry-pi-hardware.html#d120e310
WorkingWithRaspberryPiHardwareExample-5  examples/working-with-raspberry-pi-hardware.html#d120e326
WorkingWithRaspberryPiHardwareExample-6  examples/working-with-raspberry-pi-hardware.html#d120e354
WorkingWithRaspberryPiHardwareExample-7  examples/working-with-raspberry-pi-hardware.html#d120e371
WorkingWithRaspberryPiHardwareExample-8  examples/working-with-raspberry-pi-hardware.html#d120e406
WorkingWithRaspberryPiHardwareExample-9  examples/working-with-raspberry-pi-hardware.html#d120e424
WorkingWithRaspberryPiHardwareExample-10  examples/working-with-raspberry-pi-hardware.html#d120e432
AnalogInputUsingSPIExample  examples/analog-input-using-spi.html
AnalogInputUsingSPIExample-1  examples/analog-input-using-spi.html#d120e480
AnalogInputUsingSPIExample-2  examples/analog-input-using-spi.html#d120e486
AnalogInputUsingSPIExample-3  examples/analog-input-using-spi.html#d120e496
AnalogInputUsingSPIExample-4  examples/analog-input-using-spi.html#d120e518
AnalogInputUsingSPIExample-5  examples/analog-input-using-spi.html#d120e546
AnalogInputUsingSPIExample-6  examples/analog-input-using-spi.html#d120e556
AnalogInputUsingSPIExample-7  examples/analog-input-using-spi.html#d120e602
AnalogInputUsingSPIExample-8  examples/analog-input-using-spi.html#d120e616
AnalogInputUsingSPIExample-9  examples/analog-input-using-spi.html#d120e622
AnalogInputUsingSPIExample-10  examples/analog-input-using-spi.html#d120e635
AnalogInputUsingSPIExample-11  examples/analog-input-using-spi.html#d120e645
ControllingA4Digit7SegmentDisplayUsingI2CExample  examples/controlling-a-4-digit-7-segment-display-using-i2c.html
ControllingA4Digit7SegmentDisplayUsingI2CExample-1  examples/controlling-a-4-digit-7-segment-display-using-i2c.html#d120e693
ControllingA4Digit7SegmentDisplayUsingI2CExample-2  examples/controlling-a-4-digit-7-segment-display-using-i2c.html#d120e701
ControllingA4Digit7SegmentDisplayUsingI2CExample-3  examples/controlling-a-4-digit-7-segment-display-using-i2c.html#d120e711
ControllingA4Digit7SegmentDisplayUsingI2CExample-4  examples/controlling-a-4-digit-7-segment-display-using-i2c.html#d120e730
ControllingA4Digit7SegmentDisplayUsingI2CExample-5  examples/controlling-a-4-digit-7-segment-display-using-i2c.html#d120e746
ControllingA4Digit7SegmentDisplayUsingI2CExample-6  examples/controlling-a-4-digit-7-segment-display-using-i2c.html#d120e756
ControllingA4Digit7SegmentDisplayUsingI2CExample-7  examples/controlling-a-4-digit-7-segment-display-using-i2c.html#d120e955
ControllingA4Digit7SegmentDisplayUsingI2CExample-8  examples/controlling-a-4-digit-7-segment-display-using-i2c.html#d120e969
ControllingA4Digit7SegmentDisplayUsingI2CExample-9  examples/controlling-a-4-digit-7-segment-display-using-i2c.html#d120e979
ControllingA4Digit7SegmentDisplayUsingI2CExample-10  examples/controlling-a-4-digit-7-segment-display-using-i2c.html#d120e999
ControllingA4Digit7SegmentDisplayUsingI2CExample-11  examples/controlling-a-4-digit-7-segment-display-using-i2c.html#d120e1007
ControllingA4Digit7SegmentDisplayUsingI2CExample-12  examples/controlling-a-4-digit-7-segment-display-using-i2c.html#d120e1018
ControllingA4Digit7SegmentDisplayUsingI2CExample-13  examples/controlling-a-4-digit-7-segment-display-using-i2c.html#d120e1032
ControllingA4Digit7SegmentDisplayUsingSerialPortExample  examples/controlling-a-4-digit-7-segment-display-using-serial-port.html
ControllingA4Digit7SegmentDisplayUsingSerialPortExample-1  examples/controlling-a-4-digit-7-segment-display-using-serial-port.html#d120e1078
ControllingA4Digit7SegmentDisplayUsingSerialPortExample-2  examples/controlling-a-4-digit-7-segment-display-using-serial-port.html#d120e1086
ControllingA4Digit7SegmentDisplayUsingSerialPortExample-3  examples/controlling-a-4-digit-7-segment-display-using-serial-port.html#d120e1096
ControllingA4Digit7SegmentDisplayUsingSerialPortExample-4  examples/controlling-a-4-digit-7-segment-display-using-serial-port.html#d120e1115
ControllingA4Digit7SegmentDisplayUsingSerialPortExample-5  examples/controlling-a-4-digit-7-segment-display-using-serial-port.html#d120e1125
ControllingA4Digit7SegmentDisplayUsingSerialPortExample-6  examples/controlling-a-4-digit-7-segment-display-using-serial-port.html#d120e1160
ControllingA4Digit7SegmentDisplayUsingSerialPortExample-7  examples/controlling-a-4-digit-7-segment-display-using-serial-port.html#d120e1356
ControllingA4Digit7SegmentDisplayUsingSerialPortExample-8  examples/controlling-a-4-digit-7-segment-display-using-serial-port.html#d120e1370
ControllingA4Digit7SegmentDisplayUsingSerialPortExample-9  examples/controlling-a-4-digit-7-segment-display-using-serial-port.html#d120e1388
ControllingA4Digit7SegmentDisplayUsingSerialPortExample-10  examples/controlling-a-4-digit-7-segment-display-using-serial-port.html#d120e1396
ControllingA4Digit7SegmentDisplayUsingSerialPortExample-11  examples/controlling-a-4-digit-7-segment-display-using-serial-port.html#d120e1406
ControllingA4Digit7SegmentDisplayUsingSerialPortExample-12  examples/controlling-a-4-digit-7-segment-display-using-serial-port.html#d120e1421
WorkingWithRaspberryPiCameraBoardExample  examples/working-with-raspberry-pi-camera-board.html
WorkingWithRaspberryPiCameraBoardExample-1  examples/working-with-raspberry-pi-camera-board.html#d120e1467
WorkingWithRaspberryPiCameraBoardExample-2  examples/working-with-raspberry-pi-camera-board.html#d120e1478
WorkingWithRaspberryPiCameraBoardExample-3  examples/working-with-raspberry-pi-camera-board.html#d120e1486
WorkingWithRaspberryPiCameraBoardExample-4  examples/working-with-raspberry-pi-camera-board.html#d120e1502
WorkingWithRaspberryPiCameraBoardExample-5  examples/working-with-raspberry-pi-camera-board.html#d120e1514
WorkingWithRaspberryPiCameraBoardExample-6  examples/working-with-raspberry-pi-camera-board.html#d120e1526
WorkingWithRaspberryPiCameraBoardExample-7  examples/working-with-raspberry-pi-camera-board.html#d120e1542
WorkingWithRaspberryPiCameraBoardExample-8  examples/working-with-raspberry-pi-camera-board.html#d120e1558
WorkingWithRaspberryPiCameraBoardExample-9  examples/working-with-raspberry-pi-camera-board.html#d120e1574
WorkingWithRaspberryPiCameraBoardExample-10  examples/working-with-raspberry-pi-camera-board.html#d120e1607
WorkingWithRaspberryPiSenseHATExample  examples/working-with-raspberry-pi-sense-hat.html
WorkingWithRaspberryPiSenseHATExample-1  examples/working-with-raspberry-pi-sense-hat.html#d120e1660
WorkingWithRaspberryPiSenseHATExample-3  examples/working-with-raspberry-pi-sense-hat.html#d120e1682
WorkingWithRaspberryPiSenseHATExample-4  examples/working-with-raspberry-pi-sense-hat.html#d120e1692
WorkingWithRaspberryPiSenseHATExample-5  examples/working-with-raspberry-pi-sense-hat.html#d120e1705
WorkingWithRaspberryPiSenseHATExample-6  examples/working-with-raspberry-pi-sense-hat.html#d120e1717
WorkingWithRaspberryPiSenseHATExample-7  examples/working-with-raspberry-pi-sense-hat.html#d120e1733
WorkingWithRaspberryPiSenseHATExample-8  examples/working-with-raspberry-pi-sense-hat.html#d120e1757
WorkingWithRaspberryPiSenseHATExample-9  examples/working-with-raspberry-pi-sense-hat.html#d120e1791
WorkingWithRaspberryPiSenseHATExample-10  examples/working-with-raspberry-pi-sense-hat.html#d120e1838
WorkingWithRaspberryPiSenseHATExample-11  examples/working-with-raspberry-pi-sense-hat.html#d120e1926
BuildADigitalVoltmeterExample  examples/build-a-digital-voltmeter.html
BuildADigitalVoltmeterExample-1  examples/build-a-digital-voltmeter.html#d120e1972
BuildADigitalVoltmeterExample-2  examples/build-a-digital-voltmeter.html#d120e1980
BuildADigitalVoltmeterExample-3  examples/build-a-digital-voltmeter.html#d120e1996
BuildADigitalVoltmeterExample-4  examples/build-a-digital-voltmeter.html#d120e2021
BuildADigitalVoltmeterExample-5  examples/build-a-digital-voltmeter.html#d120e2035
BuildADigitalVoltmeterExample-6  examples/build-a-digital-voltmeter.html#d120e2049
BuildADigitalVoltmeterExample-7  examples/build-a-digital-voltmeter.html#d120e2059
BuildADigitalVoltmeterExample-8  examples/build-a-digital-voltmeter.html#d120e2069
BuildADigitalVoltmeterExample-9  examples/build-a-digital-voltmeter.html#d120e2079
BuildADigitalVoltmeterExample-10  examples/build-a-digital-voltmeter.html#d120e2089
BuildADigitalVoltmeterExample-11  examples/build-a-digital-voltmeter.html#d120e2097
TrackingAGreenBallExample  examples/track-a-green-ball.html
TrackingAGreenBallExample-1  examples/track-a-green-ball.html#d120e2139
TrackingAGreenBallExample-2  examples/track-a-green-ball.html#d120e2145
TrackingAGreenBallExample-3  examples/track-a-green-ball.html#d120e2155
TrackingAGreenBallExample-4  examples/track-a-green-ball.html#d120e2171
TrackingAGreenBallExample-5  examples/track-a-green-ball.html#d120e2183
TrackingAGreenBallExample-6  examples/track-a-green-ball.html#d120e2195
TrackingAGreenBallExample-7  examples/track-a-green-ball.html#d120e2203
TrackingAGreenBallExample-8  examples/track-a-green-ball.html#d120e2215
TrackingAGreenBallExample-9  examples/track-a-green-ball.html#d120e2227
TrackingAGreenBallExample-10  examples/track-a-green-ball.html#d120e2239
BuildAMotionSensorCameraExample  examples/build-a-motion-sensor-camera.html
BuildAMotionSensorCameraExample-1  examples/build-a-motion-sensor-camera.html#d120e2283
BuildAMotionSensorCameraExample-2  examples/build-a-motion-sensor-camera.html#d120e2289
BuildAMotionSensorCameraExample-3  examples/build-a-motion-sensor-camera.html#d120e2310
BuildAMotionSensorCameraExample-4  examples/build-a-motion-sensor-camera.html#d120e2332
BuildAMotionSensorCameraExample-5  examples/build-a-motion-sensor-camera.html#d120e2348
BuildAMotionSensorCameraExample-6  examples/build-a-motion-sensor-camera.html#d120e2364
BuildAMotionSensorCameraExample-7  examples/build-a-motion-sensor-camera.html#d120e2376
BuildAMotionSensorCameraExample-8  examples/build-a-motion-sensor-camera.html#d120e2384
AddDigitalIOPinsToRaspberryPiHardwareUsingMCP23017Example  examples/add-digital-i-o-pins-to-raspberry-pi-hardware-using-mcp23017.html
AddDigitalIOPinsToRaspberryPiHardwareUsingMCP23017Example-1  examples/add-digital-i-o-pins-to-raspberry-pi-hardware-using-mcp23017.html#d120e2433
AddDigitalIOPinsToRaspberryPiHardwareUsingMCP23017Example-2  examples/add-digital-i-o-pins-to-raspberry-pi-hardware-using-mcp23017.html#d120e2439
AddDigitalIOPinsToRaspberryPiHardwareUsingMCP23017Example-3  examples/add-digital-i-o-pins-to-raspberry-pi-hardware-using-mcp23017.html#d120e2460
AddDigitalIOPinsToRaspberryPiHardwareUsingMCP23017Example-4  examples/add-digital-i-o-pins-to-raspberry-pi-hardware-using-mcp23017.html#d120e2485
AddDigitalIOPinsToRaspberryPiHardwareUsingMCP23017Example-5  examples/add-digital-i-o-pins-to-raspberry-pi-hardware-using-mcp23017.html#d120e2499
AddDigitalIOPinsToRaspberryPiHardwareUsingMCP23017Example-6  examples/add-digital-i-o-pins-to-raspberry-pi-hardware-using-mcp23017.html#d120e2515
AddDigitalIOPinsToRaspberryPiHardwareUsingMCP23017Example-7  examples/add-digital-i-o-pins-to-raspberry-pi-hardware-using-mcp23017.html#d120e2525
AddDigitalIOPinsToRaspberryPiHardwareUsingMCP23017Example-8  examples/add-digital-i-o-pins-to-raspberry-pi-hardware-using-mcp23017.html#d120e2537
AddDigitalIOPinsToRaspberryPiHardwareUsingMCP23017Example-9  examples/add-digital-i-o-pins-to-raspberry-pi-hardware-using-mcp23017.html#d120e2553
AutorotateLEDMatrixDisplayExample  examples/auto-rotate-the-image-displayed-on-the-sense-hat-led-matrix.html
AutorotateLEDMatrixDisplayExample-1  examples/auto-rotate-the-image-displayed-on-the-sense-hat-led-matrix.html#d120e2604
AutorotateLEDMatrixDisplayExample-3  examples/auto-rotate-the-image-displayed-on-the-sense-hat-led-matrix.html#d120e2622
AutorotateLEDMatrixDisplayExample-4  examples/auto-rotate-the-image-displayed-on-the-sense-hat-led-matrix.html#d120e2632
AutorotateLEDMatrixDisplayExample-5  examples/auto-rotate-the-image-displayed-on-the-sense-hat-led-matrix.html#d120e2645
AutorotateLEDMatrixDisplayExample-6  examples/auto-rotate-the-image-displayed-on-the-sense-hat-led-matrix.html#d120e2661
AutorotateLEDMatrixDisplayExample-7  examples/auto-rotate-the-image-displayed-on-the-sense-hat-led-matrix.html#d120e2671
AutorotateLEDMatrixDisplayExample-8  examples/auto-rotate-the-image-displayed-on-the-sense-hat-led-matrix.html#d120e2724
AutorotateLEDMatrixDisplayExample-11  examples/auto-rotate-the-image-displayed-on-the-sense-hat-led-matrix.html#d120e2748
AutorotateLEDMatrixDisplayExample-12  examples/auto-rotate-the-image-displayed-on-the-sense-hat-led-matrix.html#d120e2760
DeployAMATLABFunctionOnTheRaspberryPiHardwareExample  examples/getting-started-with-deploying-a-matlab-function-on-the-raspberry-pi-hardware.html
DeployAMATLABFunctionOnTheRaspberryPiHardwareExample-1  examples/getting-started-with-deploying-a-matlab-function-on-the-raspberry-pi-hardware.html#d120e2808
DeployAMATLABFunctionOnTheRaspberryPiHardwareExample-2  examples/getting-started-with-deploying-a-matlab-function-on-the-raspberry-pi-hardware.html#d120e2821
DeployAMATLABFunctionOnTheRaspberryPiHardwareExample-3  examples/getting-started-with-deploying-a-matlab-function-on-the-raspberry-pi-hardware.html#d120e2835
DeployAMATLABFunctionOnTheRaspberryPiHardwareExample-6  examples/getting-started-with-deploying-a-matlab-function-on-the-raspberry-pi-hardware.html#d120e2859
DeployAMATLABFunctionOnTheRaspberryPiHardwareExample-9  examples/getting-started-with-deploying-a-matlab-function-on-the-raspberry-pi-hardware.html#d120e2889
DeployAMATLABFunctionOnTheRaspberryPiHardwareExample-10  examples/getting-started-with-deploying-a-matlab-function-on-the-raspberry-pi-hardware.html#d120e2903
DeployAMATLABFunctionOnTheRaspberryPiHardwareExample-11  examples/getting-started-with-deploying-a-matlab-function-on-the-raspberry-pi-hardware.html#d120e2931
DeployAMATLABFunctionOnTheRaspberryPiHardwareExample-14  examples/getting-started-with-deploying-a-matlab-function-on-the-raspberry-pi-hardware.html#d120e3001
DeployAMATLABFunctionOnTheRaspberryPiHardwareExample-21  examples/getting-started-with-deploying-a-matlab-function-on-the-raspberry-pi-hardware.html#d120e3036
DeployAnEdgeDetectionAlgorithmOnTheRaspberryPiHardwareExample  examples/deploy-an-edge-detection-algorithm-on-the-raspberry-pi-hardware.html
DeployAnEdgeDetectionAlgorithmOnTheRaspberryPiHardwareExample-1  examples/deploy-an-edge-detection-algorithm-on-the-raspberry-pi-hardware.html#d120e3118
DeployAnEdgeDetectionAlgorithmOnTheRaspberryPiHardwareExample-2  examples/deploy-an-edge-detection-algorithm-on-the-raspberry-pi-hardware.html#d120e3131
DeployAnEdgeDetectionAlgorithmOnTheRaspberryPiHardwareExample-3  examples/deploy-an-edge-detection-algorithm-on-the-raspberry-pi-hardware.html#d120e3153
DeployAnEdgeDetectionAlgorithmOnTheRaspberryPiHardwareExample-4  examples/deploy-an-edge-detection-algorithm-on-the-raspberry-pi-hardware.html#d120e3191
DeployAnEdgeDetectionAlgorithmOnTheRaspberryPiHardwareExample-5  examples/deploy-an-edge-detection-algorithm-on-the-raspberry-pi-hardware.html#d120e3233
DeployAnEdgeDetectionAlgorithmOnTheRaspberryPiHardwareExample-6  examples/deploy-an-edge-detection-algorithm-on-the-raspberry-pi-hardware.html#d120e3247
DeployAnEdgeDetectionAlgorithmOnTheRaspberryPiHardwareExample-7  examples/deploy-an-edge-detection-algorithm-on-the-raspberry-pi-hardware.html#d120e3296
DeployAnEdgeDetectionAlgorithmOnTheRaspberryPiHardwareExample-8  examples/deploy-an-edge-detection-algorithm-on-the-raspberry-pi-hardware.html#d120e3331
RaspiSupportedPeripherals index.html
sense_hat sense-hat.html
raspberrypiio_doccenter-examplelandingpage examples.html
GettingStartedWithMATLABSPKGRaspberryPiHardwareExample  ref/getting-started-with-matlab-support-package-for-raspberry-pi-hardware.html
GettingStartedWithMATLABSPKGRaspberryPiHardwareExample-1  ref/getting-started-with-matlab-support-package-for-raspberry-pi-hardware.html#d120e22229
GettingStartedWithMATLABSPKGRaspberryPiHardwareExample-2  ref/getting-started-with-matlab-support-package-for-raspberry-pi-hardware.html#d120e22240
GettingStartedWithMATLABSPKGRaspberryPiHardwareExample-3  ref/getting-started-with-matlab-support-package-for-raspberry-pi-hardware.html#d120e22261
GettingStartedWithMATLABSPKGRaspberryPiHardwareExample-4  ref/getting-started-with-matlab-support-package-for-raspberry-pi-hardware.html#d120e22274
GettingStartedWithMATLABSPKGRaspberryPiHardwareExample-5  ref/getting-started-with-matlab-support-package-for-raspberry-pi-hardware.html#d120e22293
GettingStartedWithMATLABSPKGRaspberryPiHardwareExample-6  ref/getting-started-with-matlab-support-package-for-raspberry-pi-hardware.html#d120e22309
GettingStartedWithMATLABSPKGRaspberryPiHardwareExample-7  ref/getting-started-with-matlab-support-package-for-raspberry-pi-hardware.html#d120e22347
GettingStartedWithMATLABSPKGRaspberryPiHardwareExample-8  ref/getting-started-with-matlab-support-package-for-raspberry-pi-hardware.html#d120e22378
WorkingWithRaspberryPiHardwareExample  ref/working-with-raspberry-pi-hardware.html
WorkingWithRaspberryPiHardwareExample-1  ref/working-with-raspberry-pi-hardware.html#d120e22426
WorkingWithRaspberryPiHardwareExample-2  ref/working-with-raspberry-pi-hardware.html#d120e22436
WorkingWithRaspberryPiHardwareExample-3  ref/working-with-raspberry-pi-hardware.html#d120e22446
WorkingWithRaspberryPiHardwareExample-4  ref/working-with-raspberry-pi-hardware.html#d120e22471
WorkingWithRaspberryPiHardwareExample-5  ref/working-with-raspberry-pi-hardware.html#d120e22487
WorkingWithRaspberryPiHardwareExample-6  ref/working-with-raspberry-pi-hardware.html#d120e22515
WorkingWithRaspberryPiHardwareExample-7  ref/working-with-raspberry-pi-hardware.html#d120e22532
WorkingWithRaspberryPiHardwareExample-8  ref/working-with-raspberry-pi-hardware.html#d120e22567
WorkingWithRaspberryPiHardwareExample-9  ref/working-with-raspberry-pi-hardware.html#d120e22585
WorkingWithRaspberryPiHardwareExample-10  ref/working-with-raspberry-pi-hardware.html#d120e22593
AnalogInputUsingSPIExample  ref/analog-input-using-spi.html
AnalogInputUsingSPIExample-1  ref/analog-input-using-spi.html#d120e22641
AnalogInputUsingSPIExample-2  ref/analog-input-using-spi.html#d120e22647
AnalogInputUsingSPIExample-3  ref/analog-input-using-spi.html#d120e22657
AnalogInputUsingSPIExample-4  ref/analog-input-using-spi.html#d120e22679
AnalogInputUsingSPIExample-5  ref/analog-input-using-spi.html#d120e22707
AnalogInputUsingSPIExample-6  ref/analog-input-using-spi.html#d120e22717
AnalogInputUsingSPIExample-7  ref/analog-input-using-spi.html#d120e22763
AnalogInputUsingSPIExample-8  ref/analog-input-using-spi.html#d120e22777
AnalogInputUsingSPIExample-9  ref/analog-input-using-spi.html#d120e22783
AnalogInputUsingSPIExample-10  ref/analog-input-using-spi.html#d120e22796
AnalogInputUsingSPIExample-11  ref/analog-input-using-spi.html#d120e22806
ControllingA4Digit7SegmentDisplayUsingI2CExample  ref/controlling-a-4-digit-7-segment-display-using-i2c.html
ControllingA4Digit7SegmentDisplayUsingI2CExample-1  ref/controlling-a-4-digit-7-segment-display-using-i2c.html#d120e22854
ControllingA4Digit7SegmentDisplayUsingI2CExample-2  ref/controlling-a-4-digit-7-segment-display-using-i2c.html#d120e22862
ControllingA4Digit7SegmentDisplayUsingI2CExample-3  ref/controlling-a-4-digit-7-segment-display-using-i2c.html#d120e22872
ControllingA4Digit7SegmentDisplayUsingI2CExample-4  ref/controlling-a-4-digit-7-segment-display-using-i2c.html#d120e22891
ControllingA4Digit7SegmentDisplayUsingI2CExample-5  ref/controlling-a-4-digit-7-segment-display-using-i2c.html#d120e22907
ControllingA4Digit7SegmentDisplayUsingI2CExample-6  ref/controlling-a-4-digit-7-segment-display-using-i2c.html#d120e22917
ControllingA4Digit7SegmentDisplayUsingI2CExample-7  ref/controlling-a-4-digit-7-segment-display-using-i2c.html#d120e23116
ControllingA4Digit7SegmentDisplayUsingI2CExample-8  ref/controlling-a-4-digit-7-segment-display-using-i2c.html#d120e23130
ControllingA4Digit7SegmentDisplayUsingI2CExample-9  ref/controlling-a-4-digit-7-segment-display-using-i2c.html#d120e23140
ControllingA4Digit7SegmentDisplayUsingI2CExample-10  ref/controlling-a-4-digit-7-segment-display-using-i2c.html#d120e23160
ControllingA4Digit7SegmentDisplayUsingI2CExample-11  ref/controlling-a-4-digit-7-segment-display-using-i2c.html#d120e23168
ControllingA4Digit7SegmentDisplayUsingI2CExample-12  ref/controlling-a-4-digit-7-segment-display-using-i2c.html#d120e23179
ControllingA4Digit7SegmentDisplayUsingI2CExample-13  ref/controlling-a-4-digit-7-segment-display-using-i2c.html#d120e23193
ControllingA4Digit7SegmentDisplayUsingSerialPortExample  ref/controlling-a-4-digit-7-segment-display-using-serial-port.html
ControllingA4Digit7SegmentDisplayUsingSerialPortExample-1  ref/controlling-a-4-digit-7-segment-display-using-serial-port.html#d120e23239
ControllingA4Digit7SegmentDisplayUsingSerialPortExample-2  ref/controlling-a-4-digit-7-segment-display-using-serial-port.html#d120e23247
ControllingA4Digit7SegmentDisplayUsingSerialPortExample-3  ref/controlling-a-4-digit-7-segment-display-using-serial-port.html#d120e23257
ControllingA4Digit7SegmentDisplayUsingSerialPortExample-4  ref/controlling-a-4-digit-7-segment-display-using-serial-port.html#d120e23276
ControllingA4Digit7SegmentDisplayUsingSerialPortExample-5  ref/controlling-a-4-digit-7-segment-display-using-serial-port.html#d120e23286
ControllingA4Digit7SegmentDisplayUsingSerialPortExample-6  ref/controlling-a-4-digit-7-segment-display-using-serial-port.html#d120e23321
ControllingA4Digit7SegmentDisplayUsingSerialPortExample-7  ref/controlling-a-4-digit-7-segment-display-using-serial-port.html#d120e23517
ControllingA4Digit7SegmentDisplayUsingSerialPortExample-8  ref/controlling-a-4-digit-7-segment-display-using-serial-port.html#d120e23531
ControllingA4Digit7SegmentDisplayUsingSerialPortExample-9  ref/controlling-a-4-digit-7-segment-display-using-serial-port.html#d120e23549
ControllingA4Digit7SegmentDisplayUsingSerialPortExample-10  ref/controlling-a-4-digit-7-segment-display-using-serial-port.html#d120e23557
ControllingA4Digit7SegmentDisplayUsingSerialPortExample-11  ref/controlling-a-4-digit-7-segment-display-using-serial-port.html#d120e23567
ControllingA4Digit7SegmentDisplayUsingSerialPortExample-12  ref/controlling-a-4-digit-7-segment-display-using-serial-port.html#d120e23582
WorkingWithRaspberryPiCameraBoardExample  ref/working-with-raspberry-pi-camera-board.html
WorkingWithRaspberryPiCameraBoardExample-1  ref/working-with-raspberry-pi-camera-board.html#d120e23628
WorkingWithRaspberryPiCameraBoardExample-2  ref/working-with-raspberry-pi-camera-board.html#d120e23639
WorkingWithRaspberryPiCameraBoardExample-3  ref/working-with-raspberry-pi-camera-board.html#d120e23647
WorkingWithRaspberryPiCameraBoardExample-4  ref/working-with-raspberry-pi-camera-board.html#d120e23663
WorkingWithRaspberryPiCameraBoardExample-5  ref/working-with-raspberry-pi-camera-board.html#d120e23675
WorkingWithRaspberryPiCameraBoardExample-6  ref/working-with-raspberry-pi-camera-board.html#d120e23687
WorkingWithRaspberryPiCameraBoardExample-7  ref/working-with-raspberry-pi-camera-board.html#d120e23703
WorkingWithRaspberryPiCameraBoardExample-8  ref/working-with-raspberry-pi-camera-board.html#d120e23719
WorkingWithRaspberryPiCameraBoardExample-9  ref/working-with-raspberry-pi-camera-board.html#d120e23735
WorkingWithRaspberryPiCameraBoardExample-10  ref/working-with-raspberry-pi-camera-board.html#d120e23768
WorkingWithRaspberryPiSenseHATExample  ref/working-with-raspberry-pi-sense-hat.html
WorkingWithRaspberryPiSenseHATExample-1  ref/working-with-raspberry-pi-sense-hat.html#d120e23821
WorkingWithRaspberryPiSenseHATExample-3  ref/working-with-raspberry-pi-sense-hat.html#d120e23843
WorkingWithRaspberryPiSenseHATExample-4  ref/working-with-raspberry-pi-sense-hat.html#d120e23853
WorkingWithRaspberryPiSenseHATExample-5  ref/working-with-raspberry-pi-sense-hat.html#d120e23866
WorkingWithRaspberryPiSenseHATExample-6  ref/working-with-raspberry-pi-sense-hat.html#d120e23878
WorkingWithRaspberryPiSenseHATExample-7  ref/working-with-raspberry-pi-sense-hat.html#d120e23894
WorkingWithRaspberryPiSenseHATExample-8  ref/working-with-raspberry-pi-sense-hat.html#d120e23918
WorkingWithRaspberryPiSenseHATExample-9  ref/working-with-raspberry-pi-sense-hat.html#d120e23952
WorkingWithRaspberryPiSenseHATExample-10  ref/working-with-raspberry-pi-sense-hat.html#d120e23999
WorkingWithRaspberryPiSenseHATExample-11  ref/working-with-raspberry-pi-sense-hat.html#d120e24087
BuildADigitalVoltmeterExample  ref/build-a-digital-voltmeter.html
BuildADigitalVoltmeterExample-1  ref/build-a-digital-voltmeter.html#d120e24133
BuildADigitalVoltmeterExample-2  ref/build-a-digital-voltmeter.html#d120e24141
BuildADigitalVoltmeterExample-3  ref/build-a-digital-voltmeter.html#d120e24157
BuildADigitalVoltmeterExample-4  ref/build-a-digital-voltmeter.html#d120e24182
BuildADigitalVoltmeterExample-5  ref/build-a-digital-voltmeter.html#d120e24196
BuildADigitalVoltmeterExample-6  ref/build-a-digital-voltmeter.html#d120e24210
BuildADigitalVoltmeterExample-7  ref/build-a-digital-voltmeter.html#d120e24220
BuildADigitalVoltmeterExample-8  ref/build-a-digital-voltmeter.html#d120e24230
BuildADigitalVoltmeterExample-9  ref/build-a-digital-voltmeter.html#d120e24240
BuildADigitalVoltmeterExample-10  ref/build-a-digital-voltmeter.html#d120e24250
BuildADigitalVoltmeterExample-11  ref/build-a-digital-voltmeter.html#d120e24258
TrackingAGreenBallExample  ref/track-a-green-ball.html
TrackingAGreenBallExample-1  ref/track-a-green-ball.html#d120e24300
TrackingAGreenBallExample-2  ref/track-a-green-ball.html#d120e24306
TrackingAGreenBallExample-3  ref/track-a-green-ball.html#d120e24316
TrackingAGreenBallExample-4  ref/track-a-green-ball.html#d120e24332
TrackingAGreenBallExample-5  ref/track-a-green-ball.html#d120e24344
TrackingAGreenBallExample-6  ref/track-a-green-ball.html#d120e24356
TrackingAGreenBallExample-7  ref/track-a-green-ball.html#d120e24364
TrackingAGreenBallExample-8  ref/track-a-green-ball.html#d120e24376
TrackingAGreenBallExample-9  ref/track-a-green-ball.html#d120e24388
TrackingAGreenBallExample-10  ref/track-a-green-ball.html#d120e24400
BuildAMotionSensorCameraExample  ref/build-a-motion-sensor-camera.html
BuildAMotionSensorCameraExample-1  ref/build-a-motion-sensor-camera.html#d120e24444
BuildAMotionSensorCameraExample-2  ref/build-a-motion-sensor-camera.html#d120e24450
BuildAMotionSensorCameraExample-3  ref/build-a-motion-sensor-camera.html#d120e24471
BuildAMotionSensorCameraExample-4  ref/build-a-motion-sensor-camera.html#d120e24493
BuildAMotionSensorCameraExample-5  ref/build-a-motion-sensor-camera.html#d120e24509
BuildAMotionSensorCameraExample-6  ref/build-a-motion-sensor-camera.html#d120e24525
BuildAMotionSensorCameraExample-7  ref/build-a-motion-sensor-camera.html#d120e24537
BuildAMotionSensorCameraExample-8  ref/build-a-motion-sensor-camera.html#d120e24545
AddDigitalIOPinsToRaspberryPiHardwareUsingMCP23017Example  ref/add-digital-i-o-pins-to-raspberry-pi-hardware-using-mcp23017.html
AddDigitalIOPinsToRaspberryPiHardwareUsingMCP23017Example-1  ref/add-digital-i-o-pins-to-raspberry-pi-hardware-using-mcp23017.html#d120e24594
AddDigitalIOPinsToRaspberryPiHardwareUsingMCP23017Example-2  ref/add-digital-i-o-pins-to-raspberry-pi-hardware-using-mcp23017.html#d120e24600
AddDigitalIOPinsToRaspberryPiHardwareUsingMCP23017Example-3  ref/add-digital-i-o-pins-to-raspberry-pi-hardware-using-mcp23017.html#d120e24621
AddDigitalIOPinsToRaspberryPiHardwareUsingMCP23017Example-4  ref/add-digital-i-o-pins-to-raspberry-pi-hardware-using-mcp23017.html#d120e24646
AddDigitalIOPinsToRaspberryPiHardwareUsingMCP23017Example-5  ref/add-digital-i-o-pins-to-raspberry-pi-hardware-using-mcp23017.html#d120e24660
AddDigitalIOPinsToRaspberryPiHardwareUsingMCP23017Example-6  ref/add-digital-i-o-pins-to-raspberry-pi-hardware-using-mcp23017.html#d120e24676
AddDigitalIOPinsToRaspberryPiHardwareUsingMCP23017Example-7  ref/add-digital-i-o-pins-to-raspberry-pi-hardware-using-mcp23017.html#d120e24686
AddDigitalIOPinsToRaspberryPiHardwareUsingMCP23017Example-8  ref/add-digital-i-o-pins-to-raspberry-pi-hardware-using-mcp23017.html#d120e24698
AddDigitalIOPinsToRaspberryPiHardwareUsingMCP23017Example-9  ref/add-digital-i-o-pins-to-raspberry-pi-hardware-using-mcp23017.html#d120e24714
AutorotateLEDMatrixDisplayExample  ref/auto-rotate-the-image-displayed-on-the-sense-hat-led-matrix.html
AutorotateLEDMatrixDisplayExample-1  ref/auto-rotate-the-image-displayed-on-the-sense-hat-led-matrix.html#d120e24765
AutorotateLEDMatrixDisplayExample-3  ref/auto-rotate-the-image-displayed-on-the-sense-hat-led-matrix.html#d120e24783
AutorotateLEDMatrixDisplayExample-4  ref/auto-rotate-the-image-displayed-on-the-sense-hat-led-matrix.html#d120e24793
AutorotateLEDMatrixDisplayExample-5  ref/auto-rotate-the-image-displayed-on-the-sense-hat-led-matrix.html#d120e24806
AutorotateLEDMatrixDisplayExample-6  ref/auto-rotate-the-image-displayed-on-the-sense-hat-led-matrix.html#d120e24822
AutorotateLEDMatrixDisplayExample-7  ref/auto-rotate-the-image-displayed-on-the-sense-hat-led-matrix.html#d120e24832
AutorotateLEDMatrixDisplayExample-8  ref/auto-rotate-the-image-displayed-on-the-sense-hat-led-matrix.html#d120e24885
AutorotateLEDMatrixDisplayExample-11  ref/auto-rotate-the-image-displayed-on-the-sense-hat-led-matrix.html#d120e24909
AutorotateLEDMatrixDisplayExample-12  ref/auto-rotate-the-image-displayed-on-the-sense-hat-led-matrix.html#d120e24921
DeployAMATLABFunctionOnTheRaspberryPiHardwareExample  ref/getting-started-with-deploying-a-matlab-function-on-the-raspberry-pi-hardware.html
DeployAMATLABFunctionOnTheRaspberryPiHardwareExample-1  ref/getting-started-with-deploying-a-matlab-function-on-the-raspberry-pi-hardware.html#d120e24969
DeployAMATLABFunctionOnTheRaspberryPiHardwareExample-2  ref/getting-started-with-deploying-a-matlab-function-on-the-raspberry-pi-hardware.html#d120e24982
DeployAMATLABFunctionOnTheRaspberryPiHardwareExample-3  ref/getting-started-with-deploying-a-matlab-function-on-the-raspberry-pi-hardware.html#d120e24996
DeployAMATLABFunctionOnTheRaspberryPiHardwareExample-6  ref/getting-started-with-deploying-a-matlab-function-on-the-raspberry-pi-hardware.html#d120e25020
DeployAMATLABFunctionOnTheRaspberryPiHardwareExample-9  ref/getting-started-with-deploying-a-matlab-function-on-the-raspberry-pi-hardware.html#d120e25050
DeployAMATLABFunctionOnTheRaspberryPiHardwareExample-10  ref/getting-started-with-deploying-a-matlab-function-on-the-raspberry-pi-hardware.html#d120e25064
DeployAMATLABFunctionOnTheRaspberryPiHardwareExample-11  ref/getting-started-with-deploying-a-matlab-function-on-the-raspberry-pi-hardware.html#d120e25092
DeployAMATLABFunctionOnTheRaspberryPiHardwareExample-14  ref/getting-started-with-deploying-a-matlab-function-on-the-raspberry-pi-hardware.html#d120e25162
DeployAMATLABFunctionOnTheRaspberryPiHardwareExample-21  ref/getting-started-with-deploying-a-matlab-function-on-the-raspberry-pi-hardware.html#d120e25197
DeployAnEdgeDetectionAlgorithmOnTheRaspberryPiHardwareExample  ref/deploy-an-edge-detection-algorithm-on-the-raspberry-pi-hardware.html
DeployAnEdgeDetectionAlgorithmOnTheRaspberryPiHardwareExample-1  ref/deploy-an-edge-detection-algorithm-on-the-raspberry-pi-hardware.html#d120e25279
DeployAnEdgeDetectionAlgorithmOnTheRaspberryPiHardwareExample-2  ref/deploy-an-edge-detection-algorithm-on-the-raspberry-pi-hardware.html#d120e25292
DeployAnEdgeDetectionAlgorithmOnTheRaspberryPiHardwareExample-3  ref/deploy-an-edge-detection-algorithm-on-the-raspberry-pi-hardware.html#d120e25314
DeployAnEdgeDetectionAlgorithmOnTheRaspberryPiHardwareExample-4  ref/deploy-an-edge-detection-algorithm-on-the-raspberry-pi-hardware.html#d120e25352
DeployAnEdgeDetectionAlgorithmOnTheRaspberryPiHardwareExample-5  ref/deploy-an-edge-detection-algorithm-on-the-raspberry-pi-hardware.html#d120e25394
DeployAnEdgeDetectionAlgorithmOnTheRaspberryPiHardwareExample-6  ref/deploy-an-edge-detection-algorithm-on-the-raspberry-pi-hardware.html#d120e25408
DeployAnEdgeDetectionAlgorithmOnTheRaspberryPiHardwareExample-7  ref/deploy-an-edge-detection-algorithm-on-the-raspberry-pi-hardware.html#d120e25457
DeployAnEdgeDetectionAlgorithmOnTheRaspberryPiHardwareExample-8  ref/deploy-an-edge-detection-algorithm-on-the-raspberry-pi-hardware.html#d120e25492
RaspiTroubleShooting  ug/about-connecting-to-raspberry-pi-hardware.html
raspi_online_setup  ug/connect-to-raspberry-pi-hardware-board-in-matlab-online.html#raspi_online_setup
raspi_online_authenticate  ug/troubleshoot-raspberry-pi-in-matlab-online.html#mw_3738b029-2cb4-451f-b53f-6709b33ac302
raspi_online_upgrade  ug/troubleshoot-raspberry-pi-in-matlab-online.html#mw_b0d49f7e-8a02-4fcb-8e79-8c77bdb9394f