
libalsaaudiocapture alsaaudiocapture.html
libalsaaudioplayback alsaaudioplayback.html
libraspiaudiofileread audiofileread.html
libthingspeakread thingspeakread.html
raspberrypilibespeaktexttospeech espeaktexttospeech.html
raspberrypilibgpioread gpioread.html
raspberrypilibgpiowrite gpiowrite.html
raspberrypilibled led.html
raspberrypilibstandardservowrite standardservowrite.html
raspberrypilibpwm pwm.html
raspberrypilibsdlvideodisplay sdlvideodisplay.html
raspberrypilibudpreceive udpreceive.html
raspberrypilibudpsend udpsend.html
raspberrypilibv4l2videocapture v4l2videocapture.html
supportedusbcameras v4l2videocapture.html#supportedusbcameras
raspberrypilibthingspeakwrite thingspeakwrite.html
libshhts221 hts221humiditysensor.html
libshlps25h lps25hpressuresensor.html
libshledmatrix 8x8rgbledmatrix.html
libshlsm9ds1 lsm9ds1imusensor.html
libshjoystick joystick.html
libi2cmasterread i2cmasterread.html
libi2cmasterwrite i2cmasterwrite.html
libspimastertransfer spimastertransfer.html
libspiregisterread spiregisterread.html
libspiregisterwrite spiregisterwrite.html
libserialread serialread.html
libserialwrite serialwrite.html
legoev3libev3tcpipreceive tcpipreceive.html
androidlibtcpipreceive tcpipreceive.html
ioslibtcpipreceive tcpipreceive.html
libtcpipreceive tcpipreceive.html
legoev3libev3tcpipsend tcpipsend.html
androidlibtcpipsend tcpipsend.html
ioslibtcpipsend tcpipsend.html
libtcpipsend tcpipsend.html
liblinuxmqttpublish mqttpublish.html
liblinuxmqttsubscribe mqttsubscribe.html
help_button type-sect1-title-here.html#bvpvs9m-1
Tag_ConfigSet_RTW_TargetHardware type-sect1-title-here.html#bvpvs9m-4
Tag_ConfigSet_CoderTarget_Base_Rate_Task_Priority type-sect1-title-here.html#bvp2cwz-1
Tag_ConfigSet_CoderTarget_Detect_Task_Overruns type-sect1-title-here.html#bvp2cwz-4
Tag_ConfigSet_CoderTarget_DeviceAddress board-parameters.html#bvpv_ps-1
Tag_ConfigSet_CoderTarget_Username board-parameters.html#bvpv_q_-1
Tag_ConfigSet_CoderTarget_Password board-parameters.html#bvpv_r7-1
Tag_ConfigSet_CoderTarget_Build_action build-options.html#bvpv_u7-1
Tag_ConfigSet_CoderTarget_BuildDir build-options.html#bvpv_u7-4
Tag_ConfigSet_CoderTarget_RunOnBoot build-options.html#mw_f48fd923-84ae-4ff7-80dd-d6aa07f46505
Tag_ConfigSet_CoderTarget_SPI_SPI0CE0BusSpeed spi.html#bvpv_xa-1
Tag_ConfigSet_CoderTarget_SPI_SPI0CE1BusSpeed spi.html#bvpv_xa-3
Tag_ConfigSet_CoderTarget_mqtt mqtt.html
Tag_ConfigSet_CoderTarget_mqtt_broker_address mqtt.html#mw_356aaba6-e12d-4d92-9eda-ae8730f086f4
Tag_ConfigSet_CoderTarget_mqtt_username mqtt.html#mw_72d3b2fb-4b0e-40b6-9995-4ec6073370ac
Tag_ConfigSet_CoderTarget_mqtt_password mqtt.html#mw_f4dbe53a-6be8-45d4-a1d4-a0a46ac1b2a0
Tag_ConfigSet_CoderTarget_mqtt_clientID mqtt.html#mw_1a3a1654-2c65-454a-8c60-e4190af650e9
Tag_ConfigSet_CoderTarget_ExtMode_Configuration external-mode.html#bvpv_y2-1
Tag_ConfigSet_CoderTarget_ExtMode_RunInBackground external-mode.html#bvpv_1q-1
Tag_ConfigSet_CoderTarget_Wifi_WPA_password external-mode.html#bvpv_2n-1
Tag_ConfigSet_CoderTarget_Port external-mode.html#bvpv_2n-1
Tag_ConfigSet_CoderTarget_ExtMode_Port external-mode.html#bvpwa16-1
Tag_ConfigSet_CoderTarget_ExtMode_Verbose external-mode.html#bvpv_3n-1
GettingStartedWithSimulinkRaspberryPiHardwareExample getting-started-with-raspberry-pi-hardware.html
GettingStartedWithSimulinkRaspberryPiHardwareExample-1 getting-started-with-raspberry-pi-hardware.html#d120e10963
GettingStartedWithSimulinkRaspberryPiHardwareExample-2 getting-started-with-raspberry-pi-hardware.html#d120e10971
GettingStartedWithSimulinkRaspberryPiHardwareExample-3 getting-started-with-raspberry-pi-hardware.html#d120e10986
GettingStartedWithSimulinkRaspberryPiHardwareExample-4 getting-started-with-raspberry-pi-hardware.html#d120e11000
GettingStartedWithSimulinkRaspberryPiHardwareExample-5 getting-started-with-raspberry-pi-hardware.html#d120e11036
GettingStartedWithSimulinkRaspberryPiHardwareExample-6 getting-started-with-raspberry-pi-hardware.html#d120e11089
GettingStartedWithSimulinkRaspberryPiHardwareExample-7 getting-started-with-raspberry-pi-hardware.html#d120e11135
ExternalModeWithRaspberryPiRHardwareExample communicating-with-raspberry-pi-hardware.html
ExternalModeWithRaspberryPiRHardwareExample-1 communicating-with-raspberry-pi-hardware.html#d120e11177
ExternalModeWithRaspberryPiRHardwareExample-2 communicating-with-raspberry-pi-hardware.html#d120e11202
ExternalModeWithRaspberryPiRHardwareExample-3 communicating-with-raspberry-pi-hardware.html#d120e11210
ExternalModeWithRaspberryPiRHardwareExample-4 communicating-with-raspberry-pi-hardware.html#d120e11224
ExternalModeWithRaspberryPiRHardwareExample-5 communicating-with-raspberry-pi-hardware.html#d120e11264
ExternalModeWithRaspberryPiRHardwareExample-6 communicating-with-raspberry-pi-hardware.html#d120e11305
ExternalModeWithRaspberryPiRHardwareExample-7 communicating-with-raspberry-pi-hardware.html#d120e11326
ExternalModeWithRaspberryPiRHardwareExample-8 communicating-with-raspberry-pi-hardware.html#d120e11364
ExternalModeWithRaspberryPiRHardwareExample-9 communicating-with-raspberry-pi-hardware.html#d120e11375
RunningLinuxRShellCommandsExample running-linux-r-shell-commands.html
RunningLinuxRShellCommandsExample-1 running-linux-r-shell-commands.html#d120e11422
RunningLinuxRShellCommandsExample-2 running-linux-r-shell-commands.html#d120e11428
RunningLinuxRShellCommandsExample-3 running-linux-r-shell-commands.html#d120e11438
RunningLinuxRShellCommandsExample-4 running-linux-r-shell-commands.html#d120e11466
RunningLinuxRShellCommandsExample-5 running-linux-r-shell-commands.html#d120e11497
RunningLinuxRShellCommandsExample-6 running-linux-r-shell-commands.html#d120e11517
RunningLinuxRShellCommandsExample-7 running-linux-r-shell-commands.html#d120e11548
raspberrypi_gettingstarted_with_ros getting-started-with-robot-operating-system-ros-on-raspberry-pi-r.html
raspberrypi_gettingstarted_with_ros-1 getting-started-with-robot-operating-system-ros-on-raspberry-pi-r.html#d120e11583
raspberrypi_gettingstarted_with_ros-2 getting-started-with-robot-operating-system-ros-on-raspberry-pi-r.html#d120e11618
raspberrypi_gettingstarted_with_ros-3 getting-started-with-robot-operating-system-ros-on-raspberry-pi-r.html#d120e11640
raspberrypi_gettingstarted_with_ros-4 getting-started-with-robot-operating-system-ros-on-raspberry-pi-r.html#d120e11656
raspberrypi_gettingstarted_with_ros-5 getting-started-with-robot-operating-system-ros-on-raspberry-pi-r.html#d120e11748
raspberrypi_gettingstarted_with_ros-6 getting-started-with-robot-operating-system-ros-on-raspberry-pi-r.html#d120e11806
raspberrypi_gettingstarted_with_ros-7 getting-started-with-robot-operating-system-ros-on-raspberry-pi-r.html#d120e11865
raspberrypi_gettingstarted_with_ros-8 getting-started-with-robot-operating-system-ros-on-raspberry-pi-r.html#d120e11970
CommunicatingWithAnEEPROMExample communicating-with-an-eeprom.html
CommunicatingWithAnEEPROMExample-1 communicating-with-an-eeprom.html#d120e12016
CommunicatingWithAnEEPROMExample-2 communicating-with-an-eeprom.html#d120e12025
CommunicatingWithAnEEPROMExample-3 communicating-with-an-eeprom.html#d120e12044
CommunicatingWithAnEEPROMExample-4 communicating-with-an-eeprom.html#d120e12066
CommunicatingWithAnEEPROMExample-5 communicating-with-an-eeprom.html#d120e12076
CommunicatingWithAnEEPROMExample-6 communicating-with-an-eeprom.html#d120e12106
CommunicatingWithAnEEPROMExample-7 communicating-with-an-eeprom.html#d120e12134
CommunicatingWithAnEEPROMExample-8 communicating-with-an-eeprom.html#d120e12177
CommunicatingWithAnEEPROMExample-9 communicating-with-an-eeprom.html#d120e12210
CommunicatingWithAnEEPROMExample-10 communicating-with-an-eeprom.html#d120e12359
CommunicatingWithAnEEPROMExample-11 communicating-with-an-eeprom.html#d120e12402
CommunicatingWithAnEEPROMExample-12 communicating-with-an-eeprom.html#d120e12415
ReadTemperatureFromATMP102SensorExample read-temperature-from-a-tmp102-sensor.html
ReadTemperatureFromATMP102SensorExample-1 read-temperature-from-a-tmp102-sensor.html#d120e12473
ReadTemperatureFromATMP102SensorExample-2 read-temperature-from-a-tmp102-sensor.html#d120e12484
ReadTemperatureFromATMP102SensorExample-3 read-temperature-from-a-tmp102-sensor.html#d120e12497
ReadTemperatureFromATMP102SensorExample-4 read-temperature-from-a-tmp102-sensor.html#d120e12520
ReadTemperatureFromATMP102SensorExample-5 read-temperature-from-a-tmp102-sensor.html#d120e12530
ReadTemperatureFromATMP102SensorExample-6 read-temperature-from-a-tmp102-sensor.html#d120e12551
ReadTemperatureFromATMP102SensorExample-7 read-temperature-from-a-tmp102-sensor.html#d120e12594
ReadTemperatureFromATMP102SensorExample-8 read-temperature-from-a-tmp102-sensor.html#d120e12674
ReadTemperatureFromATMP102SensorExample-9 read-temperature-from-a-tmp102-sensor.html#d120e12725
ReadTemperatureFromATMP102SensorExample-10 read-temperature-from-a-tmp102-sensor.html#d120e12879
ReadTemperatureFromATMP102SensorExample-11 read-temperature-from-a-tmp102-sensor.html#d120e12943
ReadTemperatureFromATMP102SensorExample-12 read-temperature-from-a-tmp102-sensor.html#d120e12987
ReadTemperatureFromATMP102SensorExample-13 read-temperature-from-a-tmp102-sensor.html#d120e13019
LEDControlFromAndroidTMDeviceExample led-control-from-android-r-device.html
LEDControlFromAndroidTMDeviceExample-1 led-control-from-android-r-device.html#d120e13075
LEDControlFromAndroidTMDeviceExample-2 led-control-from-android-r-device.html#d120e13097
LEDControlFromAndroidTMDeviceExample-3 led-control-from-android-r-device.html#d120e13107
LEDControlFromAndroidTMDeviceExample-4 led-control-from-android-r-device.html#d120e13120
LEDControlFromAndroidTMDeviceExample-5 led-control-from-android-r-device.html#d120e13152
LEDControlFromAndroidTMDeviceExample-6 led-control-from-android-r-device.html#d120e13192
LEDControlFromAndroidTMDeviceExample-7 led-control-from-android-r-device.html#d120e13229
LEDControlFromAppleIOSDeviceExample led-control-from-apple-r-ios-r-device.html
LEDControlFromAppleIOSDeviceExample-1 led-control-from-apple-r-ios-r-device.html#d120e13271
LEDControlFromAppleIOSDeviceExample-2 led-control-from-apple-r-ios-r-device.html#d120e13293
LEDControlFromAppleIOSDeviceExample-3 led-control-from-apple-r-ios-r-device.html#d120e13303
LEDControlFromAppleIOSDeviceExample-4 led-control-from-apple-r-ios-r-device.html#d120e13316
LEDControlFromAppleIOSDeviceExample-5 led-control-from-apple-r-ios-r-device.html#d120e13348
LEDControlFromAppleIOSDeviceExample-6 led-control-from-apple-r-ios-r-device.html#d120e13388
LEDControlFromAppleIOSDeviceExample-7 led-control-from-apple-r-ios-r-device.html#d120e13432
SurveillanceCameraWithAndroidTMDeviceExample surveillance-camera-with-android-r-device.html
SurveillanceCameraWithAndroidTMDeviceExample-1 surveillance-camera-with-android-r-device.html#d120e13476
SurveillanceCameraWithAndroidTMDeviceExample-2 surveillance-camera-with-android-r-device.html#d120e13482
SurveillanceCameraWithAndroidTMDeviceExample-3 surveillance-camera-with-android-r-device.html#d120e13496
SurveillanceCameraWithAndroidTMDeviceExample-4 surveillance-camera-with-android-r-device.html#d120e13526
SurveillanceCameraWithAndroidTMDeviceExample-5 surveillance-camera-with-android-r-device.html#d120e13550
SurveillanceCameraWithAndroidTMDeviceExample-6 surveillance-camera-with-android-r-device.html#d120e13605
SurveillanceCameraWithAndroidTMDeviceExample-7 surveillance-camera-with-android-r-device.html#d120e13639
SurveillanceCameraWithAndroidTMDeviceExample-8 surveillance-camera-with-android-r-device.html#d120e13649
SurveillanceCameraWithAppleIOSDeviceExample surveillance-camera-with-apple-r-ios-r-device.html
SurveillanceCameraWithAppleIOSDeviceExample-1 surveillance-camera-with-apple-r-ios-r-device.html#d120e13710
SurveillanceCameraWithAppleIOSDeviceExample-2 surveillance-camera-with-apple-r-ios-r-device.html#d120e13716
SurveillanceCameraWithAppleIOSDeviceExample-3 surveillance-camera-with-apple-r-ios-r-device.html#d120e13730
SurveillanceCameraWithAppleIOSDeviceExample-4 surveillance-camera-with-apple-r-ios-r-device.html#d120e13760
SurveillanceCameraWithAppleIOSDeviceExample-5 surveillance-camera-with-apple-r-ios-r-device.html#d120e13784
SurveillanceCameraWithAppleIOSDeviceExample-6 surveillance-camera-with-apple-r-ios-r-device.html#d120e13839
SurveillanceCameraWithAppleIOSDeviceExample-7 surveillance-camera-with-apple-r-ios-r-device.html#d120e13873
SurveillanceCameraWithAppleIOSDeviceExample-8 surveillance-camera-with-apple-r-ios-r-device.html#d120e13883
ParametricAudioEqualizerExample parametric-audio-equalizer.html
ParametricAudioEqualizerExample-1 parametric-audio-equalizer.html#d120e13943
ParametricAudioEqualizerExample-2 parametric-audio-equalizer.html#d120e13953
ParametricAudioEqualizerExample-3 parametric-audio-equalizer.html#d120e13963
ParametricAudioEqualizerExample-4 parametric-audio-equalizer.html#d120e13971
ParametricAudioEqualizerExample-5 parametric-audio-equalizer.html#d120e13988
ParametricAudioEqualizerExample-6 parametric-audio-equalizer.html#d120e14080
ParametricAudioEqualizerExample-7 parametric-audio-equalizer.html#d120e14109
ParametricAudioEqualizerExample-8 parametric-audio-equalizer.html#d120e14120
ImageInversionExample image-inversion.html
ImageInversionExample-1 image-inversion.html#d120e14162
ImageInversionExample-2 image-inversion.html#d120e14194
ImageInversionExample-3 image-inversion.html#d120e14204
ImageInversionExample-4 image-inversion.html#d120e14234
ImageInversionExample-5 image-inversion.html#d120e14272
ImageInversionExample-6 image-inversion.html#d120e14330
ImageInversionExample-7 image-inversion.html#d120e14371
ImageInversionExample-8 image-inversion.html#d120e14379
MotionSensorExample motion-sensor.html
MotionSensorExample-1 motion-sensor.html#d120e14425
MotionSensorExample-2 motion-sensor.html#d120e14431
MotionSensorExample-3 motion-sensor.html#d120e14441
MotionSensorExample-4 motion-sensor.html#d120e14476
MotionSensorExample-5 motion-sensor.html#d120e14508
MotionSensorExample-6 motion-sensor.html#d120e14561
MotionSensorExample-7 motion-sensor.html#d120e14602
MotionSensorExample-8 motion-sensor.html#d120e14657
MotionSensorExample-9 motion-sensor.html#d120e14679
raspberrypi_stream_images_ros stream-images-from-raspberry-pi-using-robot-operating-system-ros.html
raspberrypi_stream_images_ros-1 stream-images-from-raspberry-pi-using-robot-operating-system-ros.html#d120e14735
raspberrypi_stream_images_ros-2 stream-images-from-raspberry-pi-using-robot-operating-system-ros.html#d120e14741
raspberrypi_stream_images_ros-3 stream-images-from-raspberry-pi-using-robot-operating-system-ros.html#d120e14755
raspberrypi_stream_images_ros-4 stream-images-from-raspberry-pi-using-robot-operating-system-ros.html#d120e14774
raspberrypi_stream_images_ros-5 stream-images-from-raspberry-pi-using-robot-operating-system-ros.html#d120e14809
raspberrypi_stream_images_ros-6 stream-images-from-raspberry-pi-using-robot-operating-system-ros.html#d120e14856
raspberrypi_stream_images_ros-7 stream-images-from-raspberry-pi-using-robot-operating-system-ros.html#d120e14927
raspberrypi_stream_images_ros-8 stream-images-from-raspberry-pi-using-robot-operating-system-ros.html#d120e14952
AutorotateAnImageDisplayedOnSenseHATLEDMatrixExample auto-rotate-an-image-displayed-on-sense-hat-led-matrix.html
AutorotateAnImageDisplayedOnSenseHATLEDMatrixExample-1 auto-rotate-an-image-displayed-on-sense-hat-led-matrix.html#d120e15007
AutorotateAnImageDisplayedOnSenseHATLEDMatrixExample-3 auto-rotate-an-image-displayed-on-sense-hat-led-matrix.html#d120e15025
AutorotateAnImageDisplayedOnSenseHATLEDMatrixExample-4 auto-rotate-an-image-displayed-on-sense-hat-led-matrix.html#d120e15035
AutorotateAnImageDisplayedOnSenseHATLEDMatrixExample-5 auto-rotate-an-image-displayed-on-sense-hat-led-matrix.html#d120e15052
AutorotateAnImageDisplayedOnSenseHATLEDMatrixExample-6 auto-rotate-an-image-displayed-on-sense-hat-led-matrix.html#d120e15060
AutorotateAnImageDisplayedOnSenseHATLEDMatrixExample-7 auto-rotate-an-image-displayed-on-sense-hat-led-matrix.html#d120e15133
AutorotateAnImageDisplayedOnSenseHATLEDMatrixExample-8 auto-rotate-an-image-displayed-on-sense-hat-led-matrix.html#d120e15177
AutorotateAnImageDisplayedOnSenseHATLEDMatrixExample-9 auto-rotate-an-image-displayed-on-sense-hat-led-matrix.html#d120e15212
AutorotateAnImageDisplayedOnSenseHATLEDMatrixExample-10 auto-rotate-an-image-displayed-on-sense-hat-led-matrix.html#d120e15264
AutorotateAnImageDisplayedOnSenseHATLEDMatrixExample-11 auto-rotate-an-image-displayed-on-sense-hat-led-matrix.html#d120e15295
ControllingLEGOEV3RobotUsingRaspPiSenseHATExample controlling-lego-mindstorms-ev3-robot-using-raspberry-pi-sense-hat.html
ControllingLEGOEV3RobotUsingRaspPiSenseHATExample-1 controlling-lego-mindstorms-ev3-robot-using-raspberry-pi-sense-hat.html#d120e15343
ControllingLEGOEV3RobotUsingRaspPiSenseHATExample-3 controlling-lego-mindstorms-ev3-robot-using-raspberry-pi-sense-hat.html#d120e15388
ControllingLEGOEV3RobotUsingRaspPiSenseHATExample-4 controlling-lego-mindstorms-ev3-robot-using-raspberry-pi-sense-hat.html#d120e15398
ControllingLEGOEV3RobotUsingRaspPiSenseHATExample-5 controlling-lego-mindstorms-ev3-robot-using-raspberry-pi-sense-hat.html#d120e15424
ControllingLEGOEV3RobotUsingRaspPiSenseHATExample-6 controlling-lego-mindstorms-ev3-robot-using-raspberry-pi-sense-hat.html#d120e15442
ControllingLEGOEV3RobotUsingRaspPiSenseHATExample-7 controlling-lego-mindstorms-ev3-robot-using-raspberry-pi-sense-hat.html#d120e15451
ControllingLEGOEV3RobotUsingRaspPiSenseHATExample-8 controlling-lego-mindstorms-ev3-robot-using-raspberry-pi-sense-hat.html#d120e15482
ControllingLEGOEV3RobotUsingRaspPiSenseHATExample-9 controlling-lego-mindstorms-ev3-robot-using-raspberry-pi-sense-hat.html#d120e15499
ControllingLEGOEV3RobotUsingRaspPiSenseHATExample-10 controlling-lego-mindstorms-ev3-robot-using-raspberry-pi-sense-hat.html#d120e15536
ControllingLEGOEV3RobotUsingRaspPiSenseHATExample-11 controlling-lego-mindstorms-ev3-robot-using-raspberry-pi-sense-hat.html#d120e15560
ControllingLEGOEV3RobotUsingRaspPiSenseHATExample-12 controlling-lego-mindstorms-ev3-robot-using-raspberry-pi-sense-hat.html#d120e15577
MATfileLoggingOnRaspberryPiTMHardwareExample mat-file-logging-on-raspberry-pi-hardware.html
MATfileLoggingOnRaspberryPiTMHardwareExample-1 mat-file-logging-on-raspberry-pi-hardware.html#d120e15629
MATfileLoggingOnRaspberryPiTMHardwareExample-2 mat-file-logging-on-raspberry-pi-hardware.html#d120e15635
MATfileLoggingOnRaspberryPiTMHardwareExample-3 mat-file-logging-on-raspberry-pi-hardware.html#d120e15643
MATfileLoggingOnRaspberryPiTMHardwareExample-4 mat-file-logging-on-raspberry-pi-hardware.html#d120e15649
MATfileLoggingOnRaspberryPiTMHardwareExample-7 mat-file-logging-on-raspberry-pi-hardware.html#d120e15707
MATfileLoggingOnRaspberryPiTMHardwareExample-8 mat-file-logging-on-raspberry-pi-hardware.html#d120e15781
MATfileLoggingOnRaspberryPiTMHardwareExample-9 mat-file-logging-on-raspberry-pi-hardware.html#d120e15808
MATfileLoggingOnRaspberryPiTMHardwareExample-10 mat-file-logging-on-raspberry-pi-hardware.html#d120e15858
MATfileLoggingOnRaspberryPiTMHardwareExample-11 mat-file-logging-on-raspberry-pi-hardware.html#d120e15875
CountingStepsUsingRaspberryPiSenseHATExample counting-steps-using-raspberry-pi-sensehat.html
CountingStepsUsingRaspberryPiSenseHATExample-1 counting-steps-using-raspberry-pi-sensehat.html#d120e15926
CountingStepsUsingRaspberryPiSenseHATExample-2 counting-steps-using-raspberry-pi-sensehat.html#d120e15936
CountingStepsUsingRaspberryPiSenseHATExample-3 counting-steps-using-raspberry-pi-sensehat.html#d120e15946
CountingStepsUsingRaspberryPiSenseHATExample-4 counting-steps-using-raspberry-pi-sensehat.html#d120e15959
CountingStepsUsingRaspberryPiSenseHATExample-7 counting-steps-using-raspberry-pi-sensehat.html#d120e16007
CountingStepsUsingRaspberryPiSenseHATExample-8 counting-steps-using-raspberry-pi-sensehat.html#d120e16083
CountingStepsUsingRaspberryPiSenseHATExample-9 counting-steps-using-raspberry-pi-sensehat.html#d120e16101
CountingStepsUsingRaspberryPiSenseHATExample-10 counting-steps-using-raspberry-pi-sensehat.html#d120e16208
AudioVisualizerUsingRaspberryPiTMSenseHATExample audio-visualizer-using-raspberry-pi-sense-hat.html
AudioVisualizerUsingRaspberryPiTMSenseHATExample-1 audio-visualizer-using-raspberry-pi-sense-hat.html#d120e16252
AudioVisualizerUsingRaspberryPiTMSenseHATExample-3 audio-visualizer-using-raspberry-pi-sense-hat.html#d120e16258
AudioVisualizerUsingRaspberryPiTMSenseHATExample-4 audio-visualizer-using-raspberry-pi-sense-hat.html#d120e16273
AudioVisualizerUsingRaspberryPiTMSenseHATExample-5 audio-visualizer-using-raspberry-pi-sense-hat.html#d120e16286
AudioVisualizerUsingRaspberryPiTMSenseHATExample-6 audio-visualizer-using-raspberry-pi-sense-hat.html#d120e16292
AudioVisualizerUsingRaspberryPiTMSenseHATExample-7 audio-visualizer-using-raspberry-pi-sense-hat.html#d120e16308
AudioVisualizerUsingRaspberryPiTMSenseHATExample-10 audio-visualizer-using-raspberry-pi-sense-hat.html#d120e16395
AudioVisualizerUsingRaspberryPiTMSenseHATExample-11 audio-visualizer-using-raspberry-pi-sense-hat.html#d120e16406
PublishAndSubscribeToMessagesUsingMQTTBlocksExample publish-and-subscribe-to-messages-using-mqtt-blocks.html
PublishAndSubscribeToMessagesUsingMQTTBlocksExample-2 publish-and-subscribe-to-messages-using-mqtt-blocks.html#d120e16454
PublishAndSubscribeToMessagesUsingMQTTBlocksExample-3 publish-and-subscribe-to-messages-using-mqtt-blocks.html#d120e16488
PublishAndSubscribeToMessagesUsingMQTTBlocksExample-4 publish-and-subscribe-to-messages-using-mqtt-blocks.html#d120e16503
PublishAndSubscribeToMessagesUsingMQTTBlocksExample-5 publish-and-subscribe-to-messages-using-mqtt-blocks.html#d120e16514
PublishAndSubscribeToMessagesUsingMQTTBlocksExample-6 publish-and-subscribe-to-messages-using-mqtt-blocks.html#d120e16530
PublishAndSubscribeToMessagesUsingMQTTBlocksExample-9 publish-and-subscribe-to-messages-using-mqtt-blocks.html#d120e16579
PublishAndSubscribeToMessagesUsingMQTTBlocksExample-12 publish-and-subscribe-to-messages-using-mqtt-blocks.html#d120e16620
PublishAndSubscribeToMessagesUsingMQTTBlocksExample-13 publish-and-subscribe-to-messages-using-mqtt-blocks.html#d120e16735
PublishAndSubscribeToMessagesUsingMQTTBlocksExample-14 publish-and-subscribe-to-messages-using-mqtt-blocks.html#d120e16762
PublishAndSubscribeToMessagesUsingMQTTBlocksExample-15 publish-and-subscribe-to-messages-using-mqtt-blocks.html#d120e16786